#
# A fatal error has been detected by the Java Runtime Environment:
#
#  EXCEPTION_ACCESS_VIOLATION (0xc0000005) at pc=0x00007ff8d5b57bd7, pid=30792, tid=27724
#
# JRE version: OpenJDK Runtime Environment Temurin-21.0.9+10 (21.0.9+10) (build 21.0.9+10-LTS)
# Java VM: OpenJDK 64-Bit Server VM Temurin-21.0.9+10 (21.0.9+10-LTS, mixed mode, sharing, tiered, compressed oops, compressed class ptrs, g1 gc, windows-amd64)
# Problematic frame:
# C  [glfw.dll+0x7bd7]
#
# No core dump will be written. Minidumps are not enabled by default on client versions of Windows
#
# If you would like to submit a bug report, please visit:
#   https://github.com/adoptium/adoptium-support/issues
# The crash happened outside the Java Virtual Machine in native code.
# See problematic frame for where to report the bug.
#

---------------  S U M M A R Y ------------

Command Line: -Dfile.encoding=UTF-8 -Dstdout.encoding=UTF-8 -Dstderr.encoding=UTF-8 -XX:+ShowCodeDetailsInExceptionMessages com.mudkipboy7.mudJavaEngine.Main

Host: AMD Ryzen 9 7900X 12-Core Processor            , 24 cores, 15G,  Windows 11 , 64 bit Build 26100 (10.0.26100.8875)
Time: Wed Aug 12 21:04:16 2026 Central Daylight Time elapsed time: 0.561595 seconds (0d 0h 0m 0s)

---------------  T H R E A D  ---------------

Current thread (0x000001fedf845950):  JavaThread "main"             [_thread_in_native, id=27724, stack(0x0000006fe5b00000,0x0000006fe5c00000) (1024K)]

Stack: [0x0000006fe5b00000,0x0000006fe5c00000],  sp=0x0000006fe5bff0f8,  free space=1020k
Native frames: (J=compiled Java code, j=interpreted, Vv=VM code, C=native code)
C  [glfw.dll+0x7bd7]

Java frames: (J=compiled Java code, j=interpreted, Vv=VM code)
j  org.lwjgl.system.JNI.invokePPPV(JJJJ)V+0
j  org.lwjgl.glfw.GLFW.nglfwGetWindowSize(JJJ)V+22
j  com.mudkipboy7.mudJavaEngine.Main.tickRendering()V+15
j  com.mudkipboy7.mudJavaEngine.Main.run()V+31
j  com.mudkipboy7.mudJavaEngine.Main.main([Ljava/lang/String;)V+55
v  ~StubRoutines::call_stub 0x000001feea6310e7

siginfo: EXCEPTION_ACCESS_VIOLATION (0xc0000005), writing address 0x00000000000003e8


Registers:
RAX=0x0000000000000000, RBX=0x000001fec14aa188, RCX=0x000001fec5188de0, RDX=0x00000000000003e8
RSP=0x0000006fe5bff0f8, RBP=0x0000006fe5bff1b0, RSI=0x0000000000000110, RDI=0x0000000000009e18
R8 =0x0000000000000001, R9 =0x00000000000003e8, R10=0x000001feea63ce5c, R11=0x000000071cca44c8
R12=0x0000000000000000, R13=0x000001fec14aa188, R14=0x0000006fe5bff208, R15=0x000001fedf845950
RIP=0x00007ff8d5b57bd7, EFLAGS=0x0000000000010206

XMM[0]=0x0000000000000000 0x0000000000000000
XMM[1]=0x0000000000000000 0x0000000000000000
XMM[2]=0x0000000000000000 0x00000000bdcccccd
XMM[3]=0x0000000000000000 0x00000000bd23d70a
XMM[4]=0x0000000000000000 0x0000000000000000
XMM[5]=0x0000000000000000 0x0000000000000000
XMM[6]=0x0000000000000000 0x459176a550a84614
XMM[7]=0x0000000000000000 0xb76c25747845117f
XMM[8]=0x0000000000000000 0x0b3c73a1e1caaeca
XMM[9]=0x0000000000000000 0x483b58ad081b993f
XMM[10]=0x0000000000000000 0x00000000bfe04092
XMM[11]=0x0000000000000000 0xae5eba6db67a53ac
XMM[12]=0x0000000000000000 0x00000000081b993f
XMM[13]=0x0000000000000000 0x0000000000000000
XMM[14]=0x0000000000000000 0x0000000000000000
XMM[15]=0x0000000000000000 0x0000000000000000
  MXCSR=0x00001fa0


Register to memory mapping:

RAX=0x0 is null
RBX={method} {0x000001fec14aa190} 'invokePPPV' '(JJJJ)V' in 'org/lwjgl/system/JNI'
RCX=0x000001fec5188de0 points into unknown readable memory: 0x0000000000000000 | 00 00 00 00 00 00 00 00
RDX=0x00000000000003e8 is an unknown value
RSP=0x0000006fe5bff0f8 is pointing into the stack for thread: 0x000001fedf845950
RBP=0x0000006fe5bff1b0 is pointing into the stack for thread: 0x000001fedf845950
RSI=0x0000000000000110 is an unknown value
RDI=0x0000000000009e18 is an unknown value
R8 =0x0000000000000001 is an unknown value
R9 =0x00000000000003e8 is an unknown value
R10=0x000001feea63ce5c is at code_begin+1020 in an Interpreter codelet
native method entry point (kind = native)  [0x000001feea63ca60, 0x000001feea63d5c0]  2912 bytes
R11=0x000000071cca44c8 is an oop: java.lang.Class 
{0x000000071cca44c8} - klass: 'java/lang/Class'
 - ---- fields (total size 14 words):
 - private volatile transient 'classRedefinedCount' 'I' @12  0 (0x00000000)
 - injected 'klass' 'J' @16  2192597641944 (0x000001fe8100ead8)
 - injected 'array_klass' 'J' @24  0 (0x0000000000000000)
 - injected 'oop_size' 'I' @32  14 (0x0000000e)
 - injected 'static_oop_field_count' 'I' @36  0 (0x00000000)
 - private volatile transient 'cachedConstructor' 'Ljava/lang/reflect/Constructor;' @40  null (0x00000000)
 - private transient 'name' 'Ljava/lang/String;' @44  "org.lwjgl.system.JNI"{0x000000071cca4548} (0xe39948a9)
 - private transient 'module' 'Ljava/lang/Module;' @48  
[error occurred during error reporting (printing register info), id 0xc0000005, EXCEPTION_ACCESS_VIOLATION (0xc0000005) at pc=0x00007ff896351c06]
R12=0x0 is null
R13={method} {0x000001fec14aa190} 'invokePPPV' '(JJJJ)V' in 'org/lwjgl/system/JNI'
R14=0x0000006fe5bff208 is pointing into the stack for thread: 0x000001fedf845950
R15=0x000001fedf845950 is a thread

Top of Stack: (sp=0x0000006fe5bff0f8)
0x0000006fe5bff0f8:   000001feea63ce8b 0000006fe5bff300
0x0000006fe5bff108:   000001fedf845950 0000000000000294
0x0000006fe5bff118:   00000000000000b8 0000000000000001
0x0000006fe5bff128:   00007ff8d5b57bd0 000001fec1412888
0x0000006fe5bff138:   000000071c41b628 0000006fe5bff140
0x0000006fe5bff148:   000001fec1550348 0000000000000007
0x0000006fe5bff158:   000001fec15509e0 0000000000000000
0x0000006fe5bff168:   0000006fe5bff168 0000000000000000
0x0000006fe5bff178:   000000000000000b 000001fec14de408
0x0000006fe5bff188:   0000000000000000 000000071bc00000
0x0000006fe5bff198:   000001fec14aa188 0000000000000000
0x0000006fe5bff1a8:   0000006fe5bff1d0 0000006fe5bff258
0x0000006fe5bff1b8:   000001feea638860 000000071bc00000
0x0000006fe5bff1c8:   000001feea63a3d7 00007ff8d5b57bd0
0x0000006fe5bff1d8:   0000000000000000 0000000000000001
0x0000006fe5bff1e8:   0000000000000000 00000000000003e8
0x0000006fe5bff1f8:   0000000000000000 000001fec5188de0
0x0000006fe5bff208:   0000000000000000 0000006fe5bff210
0x0000006fe5bff218:   000001fec1412846 0000000000000009
0x0000006fe5bff228:   000001fec1425468 0000000000000000
0x0000006fe5bff238:   000000071bc00070 000001fec1412888
0x0000006fe5bff248:   0000006fe5bff1d0 0000006fe5bff278
0x0000006fe5bff258:   0000006fe5bff2f0 000001feea638860
0x0000006fe5bff268:   00007ff8d5b57bd0 0000000000000000
0x0000006fe5bff278:   0000000000000001 0000000000000000
0x0000006fe5bff288:   00000000000003e8 0000000000000000
0x0000006fe5bff298:   000001fec5188de0 0000000000000000
0x0000006fe5bff2a8:   0000006fe5bff2a8 000001fec1401407
0x0000006fe5bff2b8:   0000000000000002 000001fec1402000
0x0000006fe5bff2c8:   0000000000000000 000000071bc00628
0x0000006fe5bff2d8:   000001fec1401430 0000006fe5bff278
0x0000006fe5bff2e8:   0000006fe5bff300 0000006fe5bff350 

Instructions: (pc=0x00007ff8d5b57bd7)
0x00007ff8d5b57ad7:   75 0c 33 d2 b9 01 00 01 00 e9 cb a3 ff ff 48 ff
0x00007ff8d5b57ae7:   25 74 6f 07 00 cc cc cc cc 45 33 d2 48 85 d2 74
0x00007ff8d5b57af7:   03 44 89 12 4d 85 c0 74 03 45 89 10 4d 85 c9 74
0x00007ff8d5b57b07:   03 45 89 11 48 8b 44 24 28 48 85 c0 74 03 44 89
0x00007ff8d5b57b17:   10 44 39 15 b1 6d 07 00 75 0c 33 d2 b9 01 00 01
0x00007ff8d5b57b27:   00 e9 83 a3 ff ff 48 89 44 24 28 48 ff 25 1f 6f
0x00007ff8d5b57b37:   07 00 cc cc cc cc cc cc cc 48 83 ec 28 83 3d 85
0x00007ff8d5b57b47:   6d 07 00 00 75 13 33 d2 b9 01 00 01 00 e8 57 a3
0x00007ff8d5b57b57:   ff ff 33 c0 48 83 c4 28 c3 48 8b 41 50 48 83 c4
0x00007ff8d5b57b67:   28 c3 cc cc cc cc cc cc cc 48 83 ec 28 83 3d 55
0x00007ff8d5b57b77:   6d 07 00 00 75 14 33 d2 b9 01 00 01 00 e8 27 a3
0x00007ff8d5b57b87:   ff ff 0f 57 c0 48 83 c4 28 c3 48 83 c4 28 48 ff
0x00007ff8d5b57b97:   25 3c 6f 07 00 cc cc cc cc 33 c0 48 85 d2 74 02
0x00007ff8d5b57ba7:   89 02 4d 85 c0 74 03 41 89 00 39 05 19 6d 07 00
0x00007ff8d5b57bb7:   75 0c 33 d2 b9 01 00 01 00 e9 eb a2 ff ff 48 ff
0x00007ff8d5b57bc7:   25 54 6e 07 00 cc cc cc cc 33 c0 48 85 d2 74 02
0x00007ff8d5b57bd7:   89 02 4d 85 c0 74 03 41 89 00 39 05 e9 6c 07 00
0x00007ff8d5b57be7:   75 0c 33 d2 b9 01 00 01 00 e9 bb a2 ff ff 48 ff
0x00007ff8d5b57bf7:   25 34 6e 07 00 cc cc cc cc 48 83 ec 28 83 3d c5
0x00007ff8d5b57c07:   6c 07 00 00 75 13 33 d2 b9 01 00 01 00 e8 97 a2
0x00007ff8d5b57c17:   ff ff 33 c0 48 83 c4 28 c3 48 8b 41 60 48 83 c4
0x00007ff8d5b57c27:   28 c3 cc cc cc cc cc cc cc 48 83 ec 28 83 3d 95
0x00007ff8d5b57c37:   6c 07 00 00 75 13 33 d2 b9 01 00 01 00 e8 67 a2
0x00007ff8d5b57c47:   ff ff 33 c0 48 83 c4 28 c3 48 8b 41 28 48 83 c4
0x00007ff8d5b57c57:   28 c3 cc cc cc cc cc cc cc 83 3d 69 6c 07 00 00
0x00007ff8d5b57c67:   75 0c 33 d2 b9 01 00 01 00 e9 3b a2 ff ff 48 83
0x00007ff8d5b57c77:   79 50 00 75 07 48 ff 25 05 6e 07 00 c3 cc cc cc
0x00007ff8d5b57c87:   cc cc cc cc cc cc cc cc cc 83 3d 39 6c 07 00 00
0x00007ff8d5b57c97:   75 0c 33 d2 b9 01 00 01 00 e9 0b a2 ff ff 48 ff
0x00007ff8d5b57ca7:   25 bc 6d 07 00 cc cc cc cc 83 3d 19 6c 07 00 00
0x00007ff8d5b57cb7:   75 0c 33 d2 b9 01 00 01 00 e9 eb a1 ff ff 48 83
0x00007ff8d5b57cc7:   79 50 00 75 07 48 ff 25 a5 6d 07 00 c3 cc cc cc 


Stack slot to memory mapping:

stack at sp + 0 slots: 0x000001feea63ce8b is at code_begin+1067 in an Interpreter codelet
native method entry point (kind = native)  [0x000001feea63ca60, 0x000001feea63d5c0]  2912 bytes
stack at sp + 1 slots: 0x0000006fe5bff300 is pointing into the stack for thread: 0x000001fedf845950
stack at sp + 2 slots: 0x000001fedf845950 is a thread
stack at sp + 3 slots: 0x0000000000000294 is an unknown value
stack at sp + 4 slots: 0x00000000000000b8 is an unknown value
stack at sp + 5 slots: 0x0000000000000001 is an unknown value
stack at sp + 6 slots: 0x00007ff8d5b57bd0 glfw.dll
stack at sp + 7 slots: {method} {0x000001fec1412890} 'nglfwGetWindowSize' '(JJJ)V' in 'org/lwjgl/glfw/GLFW'


---------------  P R O C E S S  ---------------

Threads class SMR info:
_java_thread_list=0x000001fecb82db40, length=20, elements={
0x000001fedf845950, 0x000001fefa03fc40, 0x000001fefa040390, 0x000001fefa0502a0,
0x000001fefa054d60, 0x000001fefa0574c0, 0x000001fefa059440, 0x000001fefa05d3c0,
0x000001fefa060a80, 0x000001fefb29dba0, 0x000001fefb391190, 0x000001fefb3a39d0,
0x000001fecb6b1520, 0x000001fecb6b1bc0, 0x000001fecb797f70, 0x000001fecb6d02a0,
0x000001fecb81b300, 0x000001fecb7f5df0, 0x000001fecb8297e0, 0x000001fecb82b1a0
}

Java Threads: ( => current thread )
=>0x000001fedf845950 JavaThread "main"                              [_thread_in_native, id=27724, stack(0x0000006fe5b00000,0x0000006fe5c00000) (1024K)]
  0x000001fefa03fc40 JavaThread "Reference Handler"          daemon [_thread_blocked, id=31476, stack(0x0000006fe6300000,0x0000006fe6400000) (1024K)]
  0x000001fefa040390 JavaThread "Finalizer"                  daemon [_thread_blocked, id=23840, stack(0x0000006fe6400000,0x0000006fe6500000) (1024K)]
  0x000001fefa0502a0 JavaThread "Signal Dispatcher"          daemon [_thread_blocked, id=12020, stack(0x0000006fe6500000,0x0000006fe6600000) (1024K)]
  0x000001fefa054d60 JavaThread "Attach Listener"            daemon [_thread_blocked, id=2280, stack(0x0000006fe6600000,0x0000006fe6700000) (1024K)]
  0x000001fefa0574c0 JavaThread "Service Thread"             daemon [_thread_blocked, id=28228, stack(0x0000006fe6700000,0x0000006fe6800000) (1024K)]
  0x000001fefa059440 JavaThread "Monitor Deflation Thread"   daemon [_thread_blocked, id=32108, stack(0x0000006fe6800000,0x0000006fe6900000) (1024K)]
  0x000001fefa05d3c0 JavaThread "C2 CompilerThread0"         daemon [_thread_blocked, id=25152, stack(0x0000006fe6900000,0x0000006fe6a00000) (1024K)]
  0x000001fefa060a80 JavaThread "C1 CompilerThread0"         daemon [_thread_blocked, id=32504, stack(0x0000006fe6a00000,0x0000006fe6b00000) (1024K)]
  0x000001fefb29dba0 JavaThread "C1 CompilerThread1"         daemon [_thread_blocked, id=21092, stack(0x0000006fe6b00000,0x0000006fe6c00000) (1024K)]
  0x000001fefb391190 JavaThread "Notification Thread"        daemon [_thread_blocked, id=25252, stack(0x0000006fe6c00000,0x0000006fe6d00000) (1024K)]
  0x000001fefb3a39d0 JavaThread "Common-Cleaner"             daemon [_thread_blocked, id=22288, stack(0x0000006fe6d00000,0x0000006fe6e00000) (1024K)]
  0x000001fecb6b1520 JavaThread "C1 CompilerThread2"         daemon [_thread_blocked, id=28244, stack(0x0000006fe6e00000,0x0000006fe6f00000) (1024K)]
  0x000001fecb6b1bc0 JavaThread "C1 CompilerThread3"         daemon [_thread_blocked, id=30096, stack(0x0000006fe7600000,0x0000006fe7700000) (1024K)]
  0x000001fecb797f70 JavaThread "Java2D Disposer"            daemon [_thread_blocked, id=26612, stack(0x0000006fe7700000,0x0000006fe7800000) (1024K)]
  0x000001fecb6d02a0 JavaThread "C2 CompilerThread1"         daemon [_thread_blocked, id=29772, stack(0x0000006fe7800000,0x0000006fe7900000) (1024K)]
  0x000001fecb81b300 JavaThread "C2 CompilerThread2"         daemon [_thread_blocked, id=22964, stack(0x0000006fe7900000,0x0000006fe7a00000) (1024K)]
  0x000001fecb7f5df0 JavaThread "Thread-0"                          [_thread_in_native, id=556, stack(0x0000006fe7a00000,0x0000006fe7b00000) (1024K)]
  0x000001fecb8297e0 JavaThread "C2 CompilerThread3"         daemon [_thread_blocked, id=8528, stack(0x0000006fe7b00000,0x0000006fe7c00000) (1024K)]
  0x000001fecb82b1a0 JavaThread "C2 CompilerThread4"         daemon [_thread_blocked, id=16032, stack(0x0000006fe7c00000,0x0000006fe7d00000) (1024K)]
Total: 20

Other Threads:
  0x000001fefa024b10 VMThread "VM Thread"                           [id=18564, stack(0x0000006fe6200000,0x0000006fe6300000) (1024K)]
  0x000001fefb2314d0 WatcherThread "VM Periodic Task Thread"        [id=29296, stack(0x0000006fe6100000,0x0000006fe6200000) (1024K)]
  0x000001fedf8a7b40 WorkerThread "GC Thread#0"                     [id=31828, stack(0x0000006fe5c00000,0x0000006fe5d00000) (1024K)]
  0x000001fecb966320 WorkerThread "GC Thread#1"                     [id=28560, stack(0x0000006fe7d00000,0x0000006fe7e00000) (1024K)]
  0x000001fecb9666c0 WorkerThread "GC Thread#2"                     [id=7956, stack(0x0000006fe7e00000,0x0000006fe7f00000) (1024K)]
  0x000001fecb966a60 WorkerThread "GC Thread#3"                     [id=23848, stack(0x0000006fe7f00000,0x0000006fe8000000) (1024K)]
  0x000001fecba2a580 WorkerThread "GC Thread#4"                     [id=8128, stack(0x0000006fe8000000,0x0000006fe8100000) (1024K)]
  0x000001fecb8948e0 WorkerThread "GC Thread#5"                     [id=29864, stack(0x0000006fe8100000,0x0000006fe8200000) (1024K)]
  0x000001fecb895c90 WorkerThread "GC Thread#6"                     [id=32092, stack(0x0000006fe8200000,0x0000006fe8300000) (1024K)]
  0x000001fecb896f00 WorkerThread "GC Thread#7"                     [id=26276, stack(0x0000006fe8300000,0x0000006fe8400000) (1024K)]
  0x000001fecb896420 WorkerThread "GC Thread#8"                     [id=19880, stack(0x0000006fe8400000,0x0000006fe8500000) (1024K)]
  0x000001fedf8bb690 ConcurrentGCThread "G1 Main Marker"            [id=17992, stack(0x0000006fe5d00000,0x0000006fe5e00000) (1024K)]
  0x000001fedf8bc830 WorkerThread "G1 Conc#0"                       [id=6804, stack(0x0000006fe5e00000,0x0000006fe5f00000) (1024K)]
  0x000001fedf8fe0e0 ConcurrentGCThread "G1 Refine#0"               [id=19804, stack(0x0000006fe5f00000,0x0000006fe6000000) (1024K)]
  0x000001fedf8fe600 ConcurrentGCThread "G1 Service"                [id=15756, stack(0x0000006fe6000000,0x0000006fe6100000) (1024K)]
Total: 15

Threads with active compile tasks:
Total: 0

VM state: not at safepoint (normal execution)

VM Mutex/Monitor currently owned by a thread: None

Heap address: 0x000000070e200000, size: 3870 MB, Compressed Oops mode: Zero based, Oop shift amount: 3

CDS archive(s) mapped at: [0x000001fe80000000-0x000001fe80c80000-0x000001fe80c80000), size 13107200, SharedBaseAddress: 0x000001fe80000000, ArchiveRelocationMode: 1.
Compressed class space mapped at: 0x000001fe81000000-0x000001fec1000000, reserved size: 1073741824
Narrow klass base: 0x000001fe80000000, Narrow klass shift: 0, Narrow klass range: 0x100000000

GC Precious Log:
 CardTable entry size: 512
 Card Set container configuration: InlinePtr #cards 4 size 8 Array Of Cards #cards 16 size 48 Howl #buckets 8 coarsen threshold 3686 Howl Bitmap #cards 512 size 80 coarsen threshold 460 Card regions per heap region 1 cards per card region 4096
 CPUs: 24 total, 24 available
 Memory: 15477M
 Large Page Support: Disabled
 NUMA Support: Disabled
 Compressed Oops: Enabled (Zero based)
 Heap Region Size: 2M
 Heap Min Capacity: 8M
 Heap Initial Capacity: 242M
 Heap Max Capacity: 3870M
 Pre-touch: Disabled
 Parallel Workers: 18
 Concurrent Workers: 5
 Concurrent Refinement Workers: 18
 Periodic GC: Disabled

Heap:
 garbage-first heap   total 247808K, used 6950K [0x000000070e200000, 0x0000000800000000)
  region size 2048K, 5 young (10240K), 2 survivors (4096K)
 Metaspace       used 6595K, committed 6848K, reserved 1114112K
  class space    used 465K, committed 576K, reserved 1048576K

Heap Regions: E=young(eden), S=young(survivor), O=old, HS=humongous(starts), HC=humongous(continues), CS=collection set, F=free, TAMS=top-at-mark-start, PB=parsable bottom
|   0|0x000000070e200000, 0x000000070e200000, 0x000000070e400000|  0%| F|  |TAMS 0x000000070e200000| PB 0x000000070e200000| Untracked 
|   1|0x000000070e400000, 0x000000070e400000, 0x000000070e600000|  0%| F|  |TAMS 0x000000070e400000| PB 0x000000070e400000| Untracked 
|   2|0x000000070e600000, 0x000000070e600000, 0x000000070e800000|  0%| F|  |TAMS 0x000000070e600000| PB 0x000000070e600000| Untracked 
|   3|0x000000070e800000, 0x000000070e800000, 0x000000070ea00000|  0%| F|  |TAMS 0x000000070e800000| PB 0x000000070e800000| Untracked 
|   4|0x000000070ea00000, 0x000000070ea00000, 0x000000070ec00000|  0%| F|  |TAMS 0x000000070ea00000| PB 0x000000070ea00000| Untracked 
|   5|0x000000070ec00000, 0x000000070ec00000, 0x000000070ee00000|  0%| F|  |TAMS 0x000000070ec00000| PB 0x000000070ec00000| Untracked 
|   6|0x000000070ee00000, 0x000000070ee00000, 0x000000070f000000|  0%| F|  |TAMS 0x000000070ee00000| PB 0x000000070ee00000| Untracked 
|   7|0x000000070f000000, 0x000000070f000000, 0x000000070f200000|  0%| F|  |TAMS 0x000000070f000000| PB 0x000000070f000000| Untracked 
|   8|0x000000070f200000, 0x000000070f200000, 0x000000070f400000|  0%| F|  |TAMS 0x000000070f200000| PB 0x000000070f200000| Untracked 
|   9|0x000000070f400000, 0x000000070f400000, 0x000000070f600000|  0%| F|  |TAMS 0x000000070f400000| PB 0x000000070f400000| Untracked 
|  10|0x000000070f600000, 0x000000070f600000, 0x000000070f800000|  0%| F|  |TAMS 0x000000070f600000| PB 0x000000070f600000| Untracked 
|  11|0x000000070f800000, 0x000000070f800000, 0x000000070fa00000|  0%| F|  |TAMS 0x000000070f800000| PB 0x000000070f800000| Untracked 
|  12|0x000000070fa00000, 0x000000070fa00000, 0x000000070fc00000|  0%| F|  |TAMS 0x000000070fa00000| PB 0x000000070fa00000| Untracked 
|  13|0x000000070fc00000, 0x000000070fc00000, 0x000000070fe00000|  0%| F|  |TAMS 0x000000070fc00000| PB 0x000000070fc00000| Untracked 
|  14|0x000000070fe00000, 0x000000070fe00000, 0x0000000710000000|  0%| F|  |TAMS 0x000000070fe00000| PB 0x000000070fe00000| Untracked 
|  15|0x0000000710000000, 0x0000000710000000, 0x0000000710200000|  0%| F|  |TAMS 0x0000000710000000| PB 0x0000000710000000| Untracked 
|  16|0x0000000710200000, 0x0000000710200000, 0x0000000710400000|  0%| F|  |TAMS 0x0000000710200000| PB 0x0000000710200000| Untracked 
|  17|0x0000000710400000, 0x0000000710400000, 0x0000000710600000|  0%| F|  |TAMS 0x0000000710400000| PB 0x0000000710400000| Untracked 
|  18|0x0000000710600000, 0x0000000710600000, 0x0000000710800000|  0%| F|  |TAMS 0x0000000710600000| PB 0x0000000710600000| Untracked 
|  19|0x0000000710800000, 0x0000000710800000, 0x0000000710a00000|  0%| F|  |TAMS 0x0000000710800000| PB 0x0000000710800000| Untracked 
|  20|0x0000000710a00000, 0x0000000710a00000, 0x0000000710c00000|  0%| F|  |TAMS 0x0000000710a00000| PB 0x0000000710a00000| Untracked 
|  21|0x0000000710c00000, 0x0000000710c00000, 0x0000000710e00000|  0%| F|  |TAMS 0x0000000710c00000| PB 0x0000000710c00000| Untracked 
|  22|0x0000000710e00000, 0x0000000710e00000, 0x0000000711000000|  0%| F|  |TAMS 0x0000000710e00000| PB 0x0000000710e00000| Untracked 
|  23|0x0000000711000000, 0x0000000711000000, 0x0000000711200000|  0%| F|  |TAMS 0x0000000711000000| PB 0x0000000711000000| Untracked 
|  24|0x0000000711200000, 0x0000000711200000, 0x0000000711400000|  0%| F|  |TAMS 0x0000000711200000| PB 0x0000000711200000| Untracked 
|  25|0x0000000711400000, 0x0000000711400000, 0x0000000711600000|  0%| F|  |TAMS 0x0000000711400000| PB 0x0000000711400000| Untracked 
|  26|0x0000000711600000, 0x0000000711600000, 0x0000000711800000|  0%| F|  |TAMS 0x0000000711600000| PB 0x0000000711600000| Untracked 
|  27|0x0000000711800000, 0x0000000711800000, 0x0000000711a00000|  0%| F|  |TAMS 0x0000000711800000| PB 0x0000000711800000| Untracked 
|  28|0x0000000711a00000, 0x0000000711a00000, 0x0000000711c00000|  0%| F|  |TAMS 0x0000000711a00000| PB 0x0000000711a00000| Untracked 
|  29|0x0000000711c00000, 0x0000000711c00000, 0x0000000711e00000|  0%| F|  |TAMS 0x0000000711c00000| PB 0x0000000711c00000| Untracked 
|  30|0x0000000711e00000, 0x0000000711e00000, 0x0000000712000000|  0%| F|  |TAMS 0x0000000711e00000| PB 0x0000000711e00000| Untracked 
|  31|0x0000000712000000, 0x0000000712000000, 0x0000000712200000|  0%| F|  |TAMS 0x0000000712000000| PB 0x0000000712000000| Untracked 
|  32|0x0000000712200000, 0x0000000712200000, 0x0000000712400000|  0%| F|  |TAMS 0x0000000712200000| PB 0x0000000712200000| Untracked 
|  33|0x0000000712400000, 0x0000000712400000, 0x0000000712600000|  0%| F|  |TAMS 0x0000000712400000| PB 0x0000000712400000| Untracked 
|  34|0x0000000712600000, 0x0000000712600000, 0x0000000712800000|  0%| F|  |TAMS 0x0000000712600000| PB 0x0000000712600000| Untracked 
|  35|0x0000000712800000, 0x0000000712800000, 0x0000000712a00000|  0%| F|  |TAMS 0x0000000712800000| PB 0x0000000712800000| Untracked 
|  36|0x0000000712a00000, 0x0000000712a00000, 0x0000000712c00000|  0%| F|  |TAMS 0x0000000712a00000| PB 0x0000000712a00000| Untracked 
|  37|0x0000000712c00000, 0x0000000712c00000, 0x0000000712e00000|  0%| F|  |TAMS 0x0000000712c00000| PB 0x0000000712c00000| Untracked 
|  38|0x0000000712e00000, 0x0000000712e00000, 0x0000000713000000|  0%| F|  |TAMS 0x0000000712e00000| PB 0x0000000712e00000| Untracked 
|  39|0x0000000713000000, 0x0000000713000000, 0x0000000713200000|  0%| F|  |TAMS 0x0000000713000000| PB 0x0000000713000000| Untracked 
|  40|0x0000000713200000, 0x0000000713200000, 0x0000000713400000|  0%| F|  |TAMS 0x0000000713200000| PB 0x0000000713200000| Untracked 
|  41|0x0000000713400000, 0x0000000713400000, 0x0000000713600000|  0%| F|  |TAMS 0x0000000713400000| PB 0x0000000713400000| Untracked 
|  42|0x0000000713600000, 0x0000000713600000, 0x0000000713800000|  0%| F|  |TAMS 0x0000000713600000| PB 0x0000000713600000| Untracked 
|  43|0x0000000713800000, 0x0000000713800000, 0x0000000713a00000|  0%| F|  |TAMS 0x0000000713800000| PB 0x0000000713800000| Untracked 
|  44|0x0000000713a00000, 0x0000000713a00000, 0x0000000713c00000|  0%| F|  |TAMS 0x0000000713a00000| PB 0x0000000713a00000| Untracked 
|  45|0x0000000713c00000, 0x0000000713c00000, 0x0000000713e00000|  0%| F|  |TAMS 0x0000000713c00000| PB 0x0000000713c00000| Untracked 
|  46|0x0000000713e00000, 0x0000000713e00000, 0x0000000714000000|  0%| F|  |TAMS 0x0000000713e00000| PB 0x0000000713e00000| Untracked 
|  47|0x0000000714000000, 0x0000000714000000, 0x0000000714200000|  0%| F|  |TAMS 0x0000000714000000| PB 0x0000000714000000| Untracked 
|  48|0x0000000714200000, 0x0000000714200000, 0x0000000714400000|  0%| F|  |TAMS 0x0000000714200000| PB 0x0000000714200000| Untracked 
|  49|0x0000000714400000, 0x0000000714400000, 0x0000000714600000|  0%| F|  |TAMS 0x0000000714400000| PB 0x0000000714400000| Untracked 
|  50|0x0000000714600000, 0x0000000714600000, 0x0000000714800000|  0%| F|  |TAMS 0x0000000714600000| PB 0x0000000714600000| Untracked 
|  51|0x0000000714800000, 0x0000000714800000, 0x0000000714a00000|  0%| F|  |TAMS 0x0000000714800000| PB 0x0000000714800000| Untracked 
|  52|0x0000000714a00000, 0x0000000714a00000, 0x0000000714c00000|  0%| F|  |TAMS 0x0000000714a00000| PB 0x0000000714a00000| Untracked 
|  53|0x0000000714c00000, 0x0000000714c00000, 0x0000000714e00000|  0%| F|  |TAMS 0x0000000714c00000| PB 0x0000000714c00000| Untracked 
|  54|0x0000000714e00000, 0x0000000714e00000, 0x0000000715000000|  0%| F|  |TAMS 0x0000000714e00000| PB 0x0000000714e00000| Untracked 
|  55|0x0000000715000000, 0x0000000715000000, 0x0000000715200000|  0%| F|  |TAMS 0x0000000715000000| PB 0x0000000715000000| Untracked 
|  56|0x0000000715200000, 0x0000000715200000, 0x0000000715400000|  0%| F|  |TAMS 0x0000000715200000| PB 0x0000000715200000| Untracked 
|  57|0x0000000715400000, 0x0000000715400000, 0x0000000715600000|  0%| F|  |TAMS 0x0000000715400000| PB 0x0000000715400000| Untracked 
|  58|0x0000000715600000, 0x0000000715600000, 0x0000000715800000|  0%| F|  |TAMS 0x0000000715600000| PB 0x0000000715600000| Untracked 
|  59|0x0000000715800000, 0x0000000715800000, 0x0000000715a00000|  0%| F|  |TAMS 0x0000000715800000| PB 0x0000000715800000| Untracked 
|  60|0x0000000715a00000, 0x0000000715a00000, 0x0000000715c00000|  0%| F|  |TAMS 0x0000000715a00000| PB 0x0000000715a00000| Untracked 
|  61|0x0000000715c00000, 0x0000000715c00000, 0x0000000715e00000|  0%| F|  |TAMS 0x0000000715c00000| PB 0x0000000715c00000| Untracked 
|  62|0x0000000715e00000, 0x0000000715e00000, 0x0000000716000000|  0%| F|  |TAMS 0x0000000715e00000| PB 0x0000000715e00000| Untracked 
|  63|0x0000000716000000, 0x0000000716000000, 0x0000000716200000|  0%| F|  |TAMS 0x0000000716000000| PB 0x0000000716000000| Untracked 
|  64|0x0000000716200000, 0x0000000716200000, 0x0000000716400000|  0%| F|  |TAMS 0x0000000716200000| PB 0x0000000716200000| Untracked 
|  65|0x0000000716400000, 0x0000000716400000, 0x0000000716600000|  0%| F|  |TAMS 0x0000000716400000| PB 0x0000000716400000| Untracked 
|  66|0x0000000716600000, 0x0000000716600000, 0x0000000716800000|  0%| F|  |TAMS 0x0000000716600000| PB 0x0000000716600000| Untracked 
|  67|0x0000000716800000, 0x0000000716800000, 0x0000000716a00000|  0%| F|  |TAMS 0x0000000716800000| PB 0x0000000716800000| Untracked 
|  68|0x0000000716a00000, 0x0000000716a00000, 0x0000000716c00000|  0%| F|  |TAMS 0x0000000716a00000| PB 0x0000000716a00000| Untracked 
|  69|0x0000000716c00000, 0x0000000716c00000, 0x0000000716e00000|  0%| F|  |TAMS 0x0000000716c00000| PB 0x0000000716c00000| Untracked 
|  70|0x0000000716e00000, 0x0000000716e00000, 0x0000000717000000|  0%| F|  |TAMS 0x0000000716e00000| PB 0x0000000716e00000| Untracked 
|  71|0x0000000717000000, 0x0000000717000000, 0x0000000717200000|  0%| F|  |TAMS 0x0000000717000000| PB 0x0000000717000000| Untracked 
|  72|0x0000000717200000, 0x0000000717200000, 0x0000000717400000|  0%| F|  |TAMS 0x0000000717200000| PB 0x0000000717200000| Untracked 
|  73|0x0000000717400000, 0x0000000717400000, 0x0000000717600000|  0%| F|  |TAMS 0x0000000717400000| PB 0x0000000717400000| Untracked 
|  74|0x0000000717600000, 0x0000000717600000, 0x0000000717800000|  0%| F|  |TAMS 0x0000000717600000| PB 0x0000000717600000| Untracked 
|  75|0x0000000717800000, 0x0000000717800000, 0x0000000717a00000|  0%| F|  |TAMS 0x0000000717800000| PB 0x0000000717800000| Untracked 
|  76|0x0000000717a00000, 0x0000000717a00000, 0x0000000717c00000|  0%| F|  |TAMS 0x0000000717a00000| PB 0x0000000717a00000| Untracked 
|  77|0x0000000717c00000, 0x0000000717c00000, 0x0000000717e00000|  0%| F|  |TAMS 0x0000000717c00000| PB 0x0000000717c00000| Untracked 
|  78|0x0000000717e00000, 0x0000000717e00000, 0x0000000718000000|  0%| F|  |TAMS 0x0000000717e00000| PB 0x0000000717e00000| Untracked 
|  79|0x0000000718000000, 0x0000000718000000, 0x0000000718200000|  0%| F|  |TAMS 0x0000000718000000| PB 0x0000000718000000| Untracked 
|  80|0x0000000718200000, 0x0000000718200000, 0x0000000718400000|  0%| F|  |TAMS 0x0000000718200000| PB 0x0000000718200000| Untracked 
|  81|0x0000000718400000, 0x0000000718400000, 0x0000000718600000|  0%| F|  |TAMS 0x0000000718400000| PB 0x0000000718400000| Untracked 
|  82|0x0000000718600000, 0x0000000718600000, 0x0000000718800000|  0%| F|  |TAMS 0x0000000718600000| PB 0x0000000718600000| Untracked 
|  83|0x0000000718800000, 0x0000000718800000, 0x0000000718a00000|  0%| F|  |TAMS 0x0000000718800000| PB 0x0000000718800000| Untracked 
|  84|0x0000000718a00000, 0x0000000718a00000, 0x0000000718c00000|  0%| F|  |TAMS 0x0000000718a00000| PB 0x0000000718a00000| Untracked 
|  85|0x0000000718c00000, 0x0000000718c00000, 0x0000000718e00000|  0%| F|  |TAMS 0x0000000718c00000| PB 0x0000000718c00000| Untracked 
|  86|0x0000000718e00000, 0x0000000718e00000, 0x0000000719000000|  0%| F|  |TAMS 0x0000000718e00000| PB 0x0000000718e00000| Untracked 
|  87|0x0000000719000000, 0x0000000719000000, 0x0000000719200000|  0%| F|  |TAMS 0x0000000719000000| PB 0x0000000719000000| Untracked 
|  88|0x0000000719200000, 0x0000000719200000, 0x0000000719400000|  0%| F|  |TAMS 0x0000000719200000| PB 0x0000000719200000| Untracked 
|  89|0x0000000719400000, 0x0000000719400000, 0x0000000719600000|  0%| F|  |TAMS 0x0000000719400000| PB 0x0000000719400000| Untracked 
|  90|0x0000000719600000, 0x0000000719600000, 0x0000000719800000|  0%| F|  |TAMS 0x0000000719600000| PB 0x0000000719600000| Untracked 
|  91|0x0000000719800000, 0x0000000719800000, 0x0000000719a00000|  0%| F|  |TAMS 0x0000000719800000| PB 0x0000000719800000| Untracked 
|  92|0x0000000719a00000, 0x0000000719a00000, 0x0000000719c00000|  0%| F|  |TAMS 0x0000000719a00000| PB 0x0000000719a00000| Untracked 
|  93|0x0000000719c00000, 0x0000000719c00000, 0x0000000719e00000|  0%| F|  |TAMS 0x0000000719c00000| PB 0x0000000719c00000| Untracked 
|  94|0x0000000719e00000, 0x0000000719e00000, 0x000000071a000000|  0%| F|  |TAMS 0x0000000719e00000| PB 0x0000000719e00000| Untracked 
|  95|0x000000071a000000, 0x000000071a000000, 0x000000071a200000|  0%| F|  |TAMS 0x000000071a000000| PB 0x000000071a000000| Untracked 
|  96|0x000000071a200000, 0x000000071a200000, 0x000000071a400000|  0%| F|  |TAMS 0x000000071a200000| PB 0x000000071a200000| Untracked 
|  97|0x000000071a400000, 0x000000071a400000, 0x000000071a600000|  0%| F|  |TAMS 0x000000071a400000| PB 0x000000071a400000| Untracked 
|  98|0x000000071a600000, 0x000000071a600000, 0x000000071a800000|  0%| F|  |TAMS 0x000000071a600000| PB 0x000000071a600000| Untracked 
|  99|0x000000071a800000, 0x000000071a800000, 0x000000071aa00000|  0%| F|  |TAMS 0x000000071a800000| PB 0x000000071a800000| Untracked 
| 100|0x000000071aa00000, 0x000000071aa00000, 0x000000071ac00000|  0%| F|  |TAMS 0x000000071aa00000| PB 0x000000071aa00000| Untracked 
| 101|0x000000071ac00000, 0x000000071ac00000, 0x000000071ae00000|  0%| F|  |TAMS 0x000000071ac00000| PB 0x000000071ac00000| Untracked 
| 102|0x000000071ae00000, 0x000000071ae00000, 0x000000071b000000|  0%| F|  |TAMS 0x000000071ae00000| PB 0x000000071ae00000| Untracked 
| 103|0x000000071b000000, 0x000000071b000000, 0x000000071b200000|  0%| F|  |TAMS 0x000000071b000000| PB 0x000000071b000000| Untracked 
| 104|0x000000071b200000, 0x000000071b200000, 0x000000071b400000|  0%| F|  |TAMS 0x000000071b200000| PB 0x000000071b200000| Untracked 
| 105|0x000000071b400000, 0x000000071b400000, 0x000000071b600000|  0%| F|  |TAMS 0x000000071b400000| PB 0x000000071b400000| Untracked 
| 106|0x000000071b600000, 0x000000071b600000, 0x000000071b800000|  0%| F|  |TAMS 0x000000071b600000| PB 0x000000071b600000| Untracked 
| 107|0x000000071b800000, 0x000000071b800000, 0x000000071ba00000|  0%| F|  |TAMS 0x000000071b800000| PB 0x000000071b800000| Untracked 
| 108|0x000000071ba00000, 0x000000071bac9978, 0x000000071bc00000| 39%| S|CS|TAMS 0x000000071ba00000| PB 0x000000071ba00000| Complete 
| 109|0x000000071bc00000, 0x000000071be00000, 0x000000071be00000|100%| S|CS|TAMS 0x000000071bc00000| PB 0x000000071bc00000| Complete 
| 110|0x000000071be00000, 0x000000071be00000, 0x000000071c000000|  0%| F|  |TAMS 0x000000071be00000| PB 0x000000071be00000| Untracked 
| 111|0x000000071c000000, 0x000000071c000000, 0x000000071c200000|  0%| F|  |TAMS 0x000000071c000000| PB 0x000000071c000000| Untracked 
| 112|0x000000071c200000, 0x000000071c200000, 0x000000071c400000|  0%| F|  |TAMS 0x000000071c200000| PB 0x000000071c200000| Untracked 
| 113|0x000000071c400000, 0x000000071c400000, 0x000000071c600000|  0%| F|  |TAMS 0x000000071c400000| PB 0x000000071c400000| Untracked 
| 114|0x000000071c600000, 0x000000071c600000, 0x000000071c800000|  0%| F|  |TAMS 0x000000071c600000| PB 0x000000071c600000| Untracked 
| 115|0x000000071c800000, 0x000000071c800000, 0x000000071ca00000|  0%| F|  |TAMS 0x000000071c800000| PB 0x000000071c800000| Untracked 
| 116|0x000000071ca00000, 0x000000071ca00000, 0x000000071cc00000|  0%| F|  |TAMS 0x000000071ca00000| PB 0x000000071ca00000| Untracked 
| 117|0x000000071cc00000, 0x000000071cc00000, 0x000000071ce00000|  0%| F|  |TAMS 0x000000071cc00000| PB 0x000000071cc00000| Untracked 
| 118|0x000000071ce00000, 0x000000071cee8980, 0x000000071d000000| 45%| E|  |TAMS 0x000000071ce00000| PB 0x000000071ce00000| Complete 
| 119|0x000000071d000000, 0x000000071d200000, 0x000000071d200000|100%| E|CS|TAMS 0x000000071d000000| PB 0x000000071d000000| Complete 
| 120|0x000000071d200000, 0x000000071d400000, 0x000000071d400000|100%| E|CS|TAMS 0x000000071d200000| PB 0x000000071d200000| Complete 

Card table byte_map: [0x000001fef3760000,0x000001fef3ef0000] _byte_map_base: 0x000001feefeef000

Marking Bits: (CMBitMap*) 0x000001fedf8aad60
 Bits: [0x000001fef3ef0000, 0x000001fef7b68000)

Polling page: 0x000001fedd660000

Metaspace:

Usage:
  Non-class:      5.99 MB used.
      Class:    465.98 KB used.
       Both:      6.44 MB used.

Virtual space:
  Non-class space:       64.00 MB reserved,       6.12 MB ( 10%) committed,  1 nodes.
      Class space:        1.00 GB reserved,     576.00 KB ( <1%) committed,  1 nodes.
             Both:        1.06 GB reserved,       6.69 MB ( <1%) committed. 

Chunk freelists:
   Non-Class:  9.24 MB
       Class:  15.47 MB
        Both:  24.72 MB

MaxMetaspaceSize: unlimited
CompressedClassSpaceSize: 1.00 GB
Initial GC threshold: 21.00 MB
Current GC threshold: 21.00 MB
CDS: on
 - commit_granule_bytes: 65536.
 - commit_granule_words: 8192.
 - virtual_space_node_default_size: 8388608.
 - enlarge_chunks_in_place: 1.
 - use_allocation_guard: 0.


Internal statistics:

num_allocs_failed_limit: 0.
num_arena_births: 172.
num_arena_deaths: 0.
num_vsnodes_births: 2.
num_vsnodes_deaths: 0.
num_space_committed: 105.
num_space_uncommitted: 0.
num_chunks_returned_to_freelist: 0.
num_chunks_taken_from_freelist: 319.
num_chunk_merges: 0.
num_chunk_splits: 205.
num_chunks_enlarged: 122.
num_inconsistent_stats: 0.

CodeHeap 'non-profiled nmethods': size=119168Kb used=396Kb max_used=396Kb free=118771Kb
 bounds [0x000001feead80000, 0x000001feeaff0000, 0x000001fef21e0000]
CodeHeap 'profiled nmethods': size=119104Kb used=1951Kb max_used=1951Kb free=117152Kb
 bounds [0x000001fee31e0000, 0x000001fee3450000, 0x000001feea630000]
CodeHeap 'non-nmethods': size=7488Kb used=3918Kb max_used=3937Kb free=3569Kb
 bounds [0x000001feea630000, 0x000001feeaa10000, 0x000001feead80000]
CodeCache: size=245760Kb, used=6265Kb, max_used=6284Kb, free=239492Kb
 total_blobs=2391, nmethods=1283, adapters=1010, full_count=0
Compilation: enabled, stopped_count=0, restarted_count=0

Compilation events (20 events):
Event: 0.556 Thread 0x000001fecb6d02a0 1218       4       com.mudkipboy7.mudJavaEngine.input.InputHandler::tickInput (19 bytes)
Event: 0.556 Thread 0x000001fecb6b1bc0 nmethod 1263 0x000001fee33c1990 code [0x000001fee33c1cc0, 0x000001fee33c2b80]
Event: 0.556 Thread 0x000001fecb6b1520 1267       3       jdk.internal.org.objectweb.asm.MethodVisitor::<init> (7 bytes)
Event: 0.556 Thread 0x000001fecb8297e0 1219       4       org.lwjgl.glfw.GLFW::glfwGetCursorPos (35 bytes)
Event: 0.556 Thread 0x000001fecb6b1520 nmethod 1267 0x000001fee33c3110 code [0x000001fee33c32c0, 0x000001fee33c3408]
Event: 0.556 Thread 0x000001fecb6b1520 1269       1       jdk.internal.org.objectweb.asm.SymbolTable::getConstantPoolCount (5 bytes)
Event: 0.556 Thread 0x000001fecb6b1520 nmethod 1269 0x000001feeaddd610 code [0x000001feeaddd7a0, 0x000001feeaddd868]
Event: 0.557 Thread 0x000001fefa060a80 nmethod 1266 0x000001fee33c3490 code [0x000001fee33c3740, 0x000001fee33c44c0]
Event: 0.557 Thread 0x000001fefb29dba0 1275       3       java.lang.invoke.LambdaForm$Name::replaceNames (175 bytes)
Event: 0.557 Thread 0x000001fecb8297e0 nmethod 1219 0x000001feeadde210 code [0x000001feeadde3c0, 0x000001feeadde538]
Event: 0.557 Thread 0x000001fefa060a80 1276       3       java.lang.invoke.LambdaForm::useCount (61 bytes)
Event: 0.557 Thread 0x000001fecb6b1520 1277       3       java.lang.invoke.LambdaForm::returnType (26 bytes)
Event: 0.557 Thread 0x000001fecb6d02a0 nmethod 1218 0x000001feeadde710 code [0x000001feeadde8c0, 0x000001feeaddea88]
Event: 0.557 Thread 0x000001fecb6b1520 nmethod 1277 0x000001fee33c4990 code [0x000001fee33c4b40, 0x000001fee33c4cf0]
Event: 0.557 Thread 0x000001fefa060a80 nmethod 1276 0x000001fee33c4e10 code [0x000001fee33c4fe0, 0x000001fee33c5328]
Event: 0.558 Thread 0x000001fefb29dba0 nmethod 1275 0x000001fee33c5510 code [0x000001fee33c5760, 0x000001fee33c6310]
Event: 0.558 Thread 0x000001fecb8297e0 1220       4       com.mudkipboy7.mudJavaEngine.Main::tickStuff (72 bytes)
Event: 0.558 Thread 0x000001fecb6d02a0 1207       4       java.util.Spliterators::checkFromToBounds (74 bytes)
Event: 0.558 Thread 0x000001fecb6d02a0 nmethod 1207 0x000001feeaddf290 code [0x000001feeaddf420, 0x000001feeaddf4e8]
Event: 0.558 Thread 0x000001fecb6d02a0 1208       4       java.util.Spliterators$IntArraySpliterator::<init> (40 bytes)

GC Heap History (0 events):
No events

Dll operation events (9 events):
Event: 0.004 Loaded shared library C:\ManuallyInstalledPrograms\Eclipse\Java\plugins\org.eclipse.justj.openjdk.hotspot.jre.full.win32.x86_64_21.0.9.v20251105-0741\jre\bin\java.dll
Event: 0.017 Loaded shared library C:\ManuallyInstalledPrograms\Eclipse\Java\plugins\org.eclipse.justj.openjdk.hotspot.jre.full.win32.x86_64_21.0.9.v20251105-0741\jre\bin\zip.dll
Event: 0.041 Loaded shared library C:\ManuallyInstalledPrograms\Eclipse\Java\plugins\org.eclipse.justj.openjdk.hotspot.jre.full.win32.x86_64_21.0.9.v20251105-0741\jre\bin\net.dll
Event: 0.042 Loaded shared library C:\ManuallyInstalledPrograms\Eclipse\Java\plugins\org.eclipse.justj.openjdk.hotspot.jre.full.win32.x86_64_21.0.9.v20251105-0741\jre\bin\nio.dll
Event: 0.044 Loaded shared library C:\ManuallyInstalledPrograms\Eclipse\Java\plugins\org.eclipse.justj.openjdk.hotspot.jre.full.win32.x86_64_21.0.9.v20251105-0741\jre\bin\zip.dll
Event: 0.067 Loaded shared library C:\ManuallyInstalledPrograms\Eclipse\Java\plugins\org.eclipse.justj.openjdk.hotspot.jre.full.win32.x86_64_21.0.9.v20251105-0741\jre\bin\jimage.dll
Event: 0.083 Loaded shared library C:\Users\mudki\AppData\Local\Temp\lwjgl_mudki\3.3.6+1\x64\lwjgl.dll
Event: 0.302 Loaded shared library C:\Users\mudki\AppData\Local\Temp\lwjgl_mudki\3.3.6+1\x64\lwjgl_opengl.dll
Event: 0.460 Loaded shared library C:\ManuallyInstalledPrograms\Eclipse\Java\plugins\org.eclipse.justj.openjdk.hotspot.jre.full.win32.x86_64_21.0.9.v20251105-0741\jre\bin\awt.dll

Deoptimization events (20 events):
Event: 0.079 Thread 0x000001fedf845950 Uncommon trap: trap_request=0xffffff45 fr.pc=0x000001feead9a790 relative=0x0000000000000070
Event: 0.079 Thread 0x000001fedf845950 Uncommon trap: reason=unstable_if action=reinterpret pc=0x000001feead9a790 method=java.io.WinNTFileSystem.isSlash(C)Z @ 9 c2
Event: 0.079 Thread 0x000001fedf845950 DEOPT PACKING pc=0x000001feead9a790 sp=0x0000006fe5bfd430
Event: 0.079 Thread 0x000001fedf845950 DEOPT UNPACKING pc=0x000001feea687ba2 sp=0x0000006fe5bfd3b8 mode 2
Event: 0.305 Thread 0x000001fedf845950 Uncommon trap: trap_request=0xffffff54 fr.pc=0x000001feeadb4710 relative=0x0000000000000070
Event: 0.305 Thread 0x000001fedf845950 Uncommon trap: reason=speculate_null_assert action=make_not_entrant pc=0x000001feeadb4710 method=sun.misc.Unsafe.putLong(Ljava/lang/Object;JJ)V @ 7 c2
Event: 0.305 Thread 0x000001fedf845950 DEOPT PACKING pc=0x000001feeadb4710 sp=0x0000006fe5bfedc0
Event: 0.305 Thread 0x000001fedf845950 DEOPT UNPACKING pc=0x000001feea687ba2 sp=0x0000006fe5bfed38 mode 2
Event: 0.486 Thread 0x000001fedf845950 Uncommon trap: trap_request=0xffffff45 fr.pc=0x000001feeada1d90 relative=0x00000000000001b0
Event: 0.486 Thread 0x000001fedf845950 Uncommon trap: reason=unstable_if action=reinterpret pc=0x000001feeada1d90 method=java.lang.invoke.VarHandle.checkAccessModeThenIsDirect(Ljava/lang/invoke/VarHandle$AccessDescriptor;)Z @ 4 c2
Event: 0.486 Thread 0x000001fedf845950 DEOPT PACKING pc=0x000001feeada1d90 sp=0x0000006fe5bfd680
Event: 0.486 Thread 0x000001fedf845950 DEOPT UNPACKING pc=0x000001feea687ba2 sp=0x0000006fe5bfd5d8 mode 2
Event: 0.555 Thread 0x000001fedf845950 Uncommon trap: trap_request=0xffffffde fr.pc=0x000001feeadd48f8 relative=0x0000000000000058
Event: 0.555 Thread 0x000001fedf845950 Uncommon trap: reason=class_check action=maybe_recompile pc=0x000001feeadd48f8 method=java.util.stream.StreamOpFlag.fromCharacteristics(Ljava/util/Spliterator;)I @ 1 c2
Event: 0.556 Thread 0x000001fedf845950 DEOPT PACKING pc=0x000001feeadd48f8 sp=0x0000006fe5bfefa0
Event: 0.556 Thread 0x000001fedf845950 DEOPT UNPACKING pc=0x000001feea687ba2 sp=0x0000006fe5bfef38 mode 2
Event: 0.558 Thread 0x000001fedf845950 Uncommon trap: trap_request=0xffffffde fr.pc=0x000001feeadd48f8 relative=0x0000000000000058
Event: 0.558 Thread 0x000001fedf845950 Uncommon trap: reason=class_check action=maybe_recompile pc=0x000001feeadd48f8 method=java.util.stream.StreamOpFlag.fromCharacteristics(Ljava/util/Spliterator;)I @ 1 c2
Event: 0.558 Thread 0x000001fedf845950 DEOPT PACKING pc=0x000001feeadd48f8 sp=0x0000006fe5bfefa0
Event: 0.558 Thread 0x000001fedf845950 DEOPT UNPACKING pc=0x000001feea687ba2 sp=0x0000006fe5bfef38 mode 2

Classes loaded (20 events):
Event: 0.540 Loading class java/util/stream/IntPipeline$Head
Event: 0.540 Loading class java/util/stream/IntPipeline
Event: 0.540 Loading class java/util/stream/IntStream
Event: 0.540 Loading class java/util/stream/IntStream done
Event: 0.540 Loading class java/util/stream/IntPipeline done
Event: 0.540 Loading class java/util/stream/IntPipeline$Head done
Event: 0.555 Loading class java/lang/StringLatin1$LinesSpliterator
Event: 0.555 Loading class java/lang/StringLatin1$LinesSpliterator done
Event: 0.556 Loading class java/util/ImmutableCollections$Access
Event: 0.556 Loading class java/util/ImmutableCollections$Access done
Event: 0.556 Loading class java/util/ImmutableCollections$Access$1
Event: 0.556 Loading class jdk/internal/access/JavaUtilCollectionAccess
Event: 0.556 Loading class jdk/internal/access/JavaUtilCollectionAccess done
Event: 0.556 Loading class java/util/ImmutableCollections$Access$1 done
Event: 0.556 Loading class java/util/stream/Nodes$SpinedNodeBuilder
Event: 0.556 Loading class java/util/stream/SpinedBuffer
Event: 0.557 Loading class java/util/stream/AbstractSpinedBuffer
Event: 0.557 Loading class java/util/stream/AbstractSpinedBuffer done
Event: 0.557 Loading class java/util/stream/SpinedBuffer done
Event: 0.557 Loading class java/util/stream/Nodes$SpinedNodeBuilder done

Classes unloaded (0 events):
No events

Classes redefined (0 events):
No events

Internal exceptions (20 events):
Event: 0.299 Thread 0x000001fedf845950 Exception <a 'java/lang/NoSuchMethodError'{0x000000071cd55690}: 'void java.lang.System.loadLibrary(java.lang.String, java.lang.Class)'> (0x000000071cd55690) 
thrown [s\src\hotspot\share\interpreter\linkResolver.cpp, line 773]
Event: 0.301 Thread 0x000001fedf845950 Exception <a 'sun/nio/fs/WindowsException'{0x000000071cd656f0}> (0x000000071cd656f0) 
thrown [s\src\hotspot\share\prims\jni.cpp, line 520]
Event: 0.301 Thread 0x000001fedf845950 Exception <a 'sun/nio/fs/WindowsException'{0x000000071cd65a90}> (0x000000071cd65a90) 
thrown [s\src\hotspot\share\prims\jni.cpp, line 520]
Event: 0.304 Thread 0x000001fedf845950 Exception <a 'sun/nio/fs/WindowsException'{0x000000071cd71610}> (0x000000071cd71610) 
thrown [s\src\hotspot\share\prims\jni.cpp, line 520]
Event: 0.304 Thread 0x000001fedf845950 Exception <a 'sun/nio/fs/WindowsException'{0x000000071cd718e0}> (0x000000071cd718e0) 
thrown [s\src\hotspot\share\prims\jni.cpp, line 520]
Event: 0.458 Thread 0x000001fedf845950 Exception <a 'java/lang/ClassNotFoundException'{0x000000071cb1d6e0}: sun/awt/resources/spi/awtProvider> (0x000000071cb1d6e0) 
thrown [s\src\hotspot\share\classfile\systemDictionary.cpp, line 312]
Event: 0.464 Thread 0x000001fedf845950 Exception <a 'java/io/FileNotFoundException'{0x000000071cb678e0}> (0x000000071cb678e0) 
thrown [s\src\hotspot\share\prims\jni.cpp, line 520]
Event: 0.466 Thread 0x000001fedf845950 Exception <a 'java/io/FileNotFoundException'{0x000000071cb92320}> (0x000000071cb92320) 
thrown [s\src\hotspot\share\prims\jni.cpp, line 520]
Event: 0.474 Thread 0x000001fedf845950 Exception <a 'java/lang/NoSuchMethodError'{0x000000071cbcd5f0}: 'java.lang.Object java.lang.invoke.DirectMethodHandle$Holder.invokeStaticInit(java.lang.Object, int, int, int, int)'> (0x000000071cbcd5f0) 
thrown [s\src\hotspot\share\interpreter\linkResolver.cpp, line 773]
Event: 0.480 Thread 0x000001fedf845950 Exception <a 'java/lang/NoSuchMethodError'{0x000000071c817be8}: 'java.lang.Object java.lang.invoke.DirectMethodHandle$Holder.invokeStaticInit(java.lang.Object, java.lang.Object, int, int, int, int)'> (0x000000071c817be8) 
thrown [s\src\hotspot\share\interpreter\linkResolver.cpp, line 773]
Event: 0.521 Thread 0x000001fedf845950 Exception <a 'java/lang/NoSuchMethodError'{0x000000071c75c480}: 'void java.lang.invoke.DirectMethodHandle$Holder.invokeInterface(java.lang.Object, java.lang.Object)'> (0x000000071c75c480) 
thrown [s\src\hotspot\share\interpreter\linkResolver.cpp, line 773]
Event: 0.521 Thread 0x000001fedf845950 Exception <a 'java/lang/NoSuchMethodError'{0x000000071c764910}: 'java.lang.Object java.lang.invoke.DirectMethodHandle$Holder.invokeInterface(java.lang.Object, java.lang.Object, java.lang.Object, java.lang.Object)'> (0x000000071c764910) 
thrown [s\src\hotspot\share\interpreter\linkResolver.cpp, line 773]
Event: 0.522 Thread 0x000001fedf845950 Exception <a 'java/lang/NoSuchMethodError'{0x000000071c76f4b0}: 'void java.lang.invoke.DirectMethodHandle$Holder.invokeStaticInit(java.lang.Object, java.lang.Object)'> (0x000000071c76f4b0) 
thrown [s\src\hotspot\share\interpreter\linkResolver.cpp, line 773]
Event: 0.522 Thread 0x000001fedf845950 Exception <a 'java/lang/NoSuchMethodError'{0x000000071c77a5f8}: 'java.lang.Object java.lang.invoke.DirectMethodHandle$Holder.invokeStaticInit(java.lang.Object, java.lang.Object, java.lang.Object, java.lang.Object)'> (0x000000071c77a5f8) 
thrown [s\src\hotspot\share\interpreter\linkResolver.cpp, line 773]
Event: 0.523 Thread 0x000001fedf845950 Exception <a 'java/lang/IncompatibleClassChangeError'{0x000000071c77f6f8}: Found class java.lang.Object, but interface was expected> (0x000000071c77f6f8) 
thrown [s\src\hotspot\share\interpreter\linkResolver.cpp, line 840]
Event: 0.541 Thread 0x000001fecb7f5df0 Exception <a 'java/lang/NoSuchMethodError'{0x000000071c5002f8}: 'java.lang.Object java.lang.invoke.DirectMethodHandle$Holder.newInvokeSpecial(java.lang.Object, java.lang.Object, java.lang.Object, int)'> (0x000000071c5002f8) 
thrown [s\src\hotspot\share\interpreter\linkResolver.cpp, line 773]
Event: 0.541 Thread 0x000001fecb7f5df0 Exception <a 'java/lang/NoSuchMethodError'{0x000000071c504250}: 'java.lang.Object java.lang.invoke.DirectMethodHandle$Holder.invokeSpecial(java.lang.Object, java.lang.Object, java.lang.Object, java.lang.Object, int)'> (0x000000071c504250) 
thrown [s\src\hotspot\share\interpreter\linkResolver.cpp, line 773]
Event: 0.541 Thread 0x000001fecb7f5df0 Exception <a 'java/lang/NoSuchMethodError'{0x000000071c507908}: 'java.lang.Object java.lang.invoke.Invokers$Holder.linkToTargetMethod(java.lang.Object, java.lang.Object, int, java.lang.Object)'> (0x000000071c507908) 
thrown [s\src\hotspot\share\interpreter\linkResolver.cpp, line 773]
Event: 0.551 Thread 0x000001fedf845950 Exception <a 'java/lang/NoSuchMethodError'{0x000000071c4f1150}: 'void java.lang.invoke.DirectMethodHandle$Holder.invokeSpecial(java.lang.Object, java.lang.Object, int, java.lang.Object)'> (0x000000071c4f1150) 
thrown [s\src\hotspot\share\interpreter\linkResolver.cpp, line 773]
Event: 0.555 Thread 0x000001fedf845950 Exception <a 'java/lang/NoSuchMethodError'{0x000000071c0764f8}: 'java.lang.Object java.lang.invoke.DirectMethodHandle$Holder.invokeSpecial(java.lang.Object, java.lang.Object, double, double)'> (0x000000071c0764f8) 
thrown [s\src\hotspot\share\interpreter\linkResolver.cpp, line 773]

ZGC Phase Switch (0 events):
No events

VM Operations (10 events):
Event: 0.044 Executing VM operation: HandshakeAllThreads (Deoptimize)
Event: 0.044 Executing VM operation: HandshakeAllThreads (Deoptimize) done
Event: 0.079 Executing VM operation: HandshakeAllThreads (Deoptimize)
Event: 0.079 Executing VM operation: HandshakeAllThreads (Deoptimize) done
Event: 0.086 Executing VM operation: HandshakeAllThreads (Deoptimize)
Event: 0.086 Executing VM operation: HandshakeAllThreads (Deoptimize) done
Event: 0.454 Executing VM operation: HandshakeAllThreads (Deoptimize)
Event: 0.454 Executing VM operation: HandshakeAllThreads (Deoptimize) done
Event: 0.456 Executing VM operation: HandshakeAllThreads (Deoptimize)
Event: 0.456 Executing VM operation: HandshakeAllThreads (Deoptimize) done

Memory protections (0 events):
No events

Nmethod flushes (0 events):
No events

Events (20 events):
Event: 0.018 Thread 0x000001fedf845950 Thread added: 0x000001fefa040390
Event: 0.018 Thread 0x000001fedf845950 Thread added: 0x000001fefa0502a0
Event: 0.018 Thread 0x000001fedf845950 Thread added: 0x000001fefa054d60
Event: 0.018 Thread 0x000001fedf845950 Thread added: 0x000001fefa0574c0
Event: 0.018 Thread 0x000001fedf845950 Thread added: 0x000001fefa059440
Event: 0.018 Thread 0x000001fedf845950 Thread added: 0x000001fefa05d3c0
Event: 0.018 Thread 0x000001fedf845950 Thread added: 0x000001fefa060a80
Event: 0.019 Thread 0x000001fefa060a80 Thread added: 0x000001fefb29dba0
Event: 0.031 Thread 0x000001fedf845950 Thread added: 0x000001fefb391190
Event: 0.032 Thread 0x000001fedf845950 Thread added: 0x000001fefb3a39d0
Event: 0.071 Thread 0x000001fefa060a80 Thread added: 0x000001fec50660b0
Event: 0.297 Thread 0x000001fec50660b0 Thread exited: 0x000001fec50660b0
Event: 0.303 Thread 0x000001fefb29dba0 Thread added: 0x000001fecb6b1520
Event: 0.303 Thread 0x000001fefb29dba0 Thread added: 0x000001fecb6b1bc0
Event: 0.483 Thread 0x000001fedf845950 Thread added: 0x000001fecb797f70
Event: 0.512 Thread 0x000001fefa060a80 Thread added: 0x000001fecb6d02a0
Event: 0.512 Thread 0x000001fefa060a80 Thread added: 0x000001fecb81b300
Event: 0.539 Thread 0x000001fedf845950 Thread added: 0x000001fecb7f5df0
Event: 0.551 Thread 0x000001fefb29dba0 Thread added: 0x000001fecb8297e0
Event: 0.551 Thread 0x000001fefb29dba0 Thread added: 0x000001fecb82b1a0


Dynamic libraries:
0x00007ff67ed50000 - 0x00007ff67ed5e000 	C:\ManuallyInstalledPrograms\Eclipse\Java\plugins\org.eclipse.justj.openjdk.hotspot.jre.full.win32.x86_64_21.0.9.v20251105-0741\jre\bin\javaw.exe
0x00007ff909980000 - 0x00007ff909be6000 	C:\WINDOWS\SYSTEM32\ntdll.dll
0x00007ff9085c0000 - 0x00007ff908689000 	C:\WINDOWS\System32\KERNEL32.DLL
0x00007ff906fb0000 - 0x00007ff9073ae000 	C:\WINDOWS\System32\KERNELBASE.dll
0x00007ff906d20000 - 0x00007ff906e6c000 	C:\WINDOWS\System32\ucrtbase.dll
0x00007ff901960000 - 0x00007ff90197e000 	C:\ManuallyInstalledPrograms\Eclipse\Java\plugins\org.eclipse.justj.openjdk.hotspot.jre.full.win32.x86_64_21.0.9.v20251105-0741\jre\bin\VCRUNTIME140.dll
0x00007ff901980000 - 0x00007ff901998000 	C:\ManuallyInstalledPrograms\Eclipse\Java\plugins\org.eclipse.justj.openjdk.hotspot.jre.full.win32.x86_64_21.0.9.v20251105-0741\jre\bin\jli.dll
0x00007ff9083e0000 - 0x00007ff9085a7000 	C:\WINDOWS\System32\USER32.dll
0x00007ff9073c0000 - 0x00007ff9073e7000 	C:\WINDOWS\System32\win32u.dll
0x00007ff8e2c60000 - 0x00007ff8e2ef2000 	C:\WINDOWS\WinSxS\amd64_microsoft.windows.common-controls_6595b64144ccf1df_6.0.26100.8875_none_3e0d5d42e32fe9dd\COMCTL32.dll
0x00007ff909810000 - 0x00007ff90983b000 	C:\WINDOWS\System32\GDI32.dll
0x00007ff908bf0000 - 0x00007ff908c99000 	C:\WINDOWS\System32\msvcrt.dll
0x00007ff906e80000 - 0x00007ff906faa000 	C:\WINDOWS\System32\gdi32full.dll
0x00007ff907600000 - 0x00007ff9076a3000 	C:\WINDOWS\System32\msvcp_win.dll
0x00007ff909840000 - 0x00007ff909872000 	C:\WINDOWS\System32\IMM32.DLL
0x00007ff901950000 - 0x00007ff90195c000 	C:\ManuallyInstalledPrograms\Eclipse\Java\plugins\org.eclipse.justj.openjdk.hotspot.jre.full.win32.x86_64_21.0.9.v20251105-0741\jre\bin\vcruntime140_1.dll
0x00007ff8d9e00000 - 0x00007ff8d9e8d000 	C:\ManuallyInstalledPrograms\Eclipse\Java\plugins\org.eclipse.justj.openjdk.hotspot.jre.full.win32.x86_64_21.0.9.v20251105-0741\jre\bin\msvcp140.dll
0x00007ff895c90000 - 0x00007ff896a30000 	C:\ManuallyInstalledPrograms\Eclipse\Java\plugins\org.eclipse.justj.openjdk.hotspot.jre.full.win32.x86_64_21.0.9.v20251105-0741\jre\bin\server\jvm.dll
0x00007ff909880000 - 0x00007ff909937000 	C:\WINDOWS\System32\ADVAPI32.dll
0x00007ff907be0000 - 0x00007ff907c8a000 	C:\WINDOWS\System32\sechost.dll
0x00007ff908190000 - 0x00007ff9082a8000 	C:\WINDOWS\System32\RPCRT4.dll
0x00007ff908070000 - 0x00007ff9080f0000 	C:\WINDOWS\System32\WS2_32.dll
0x00007ff906a00000 - 0x00007ff906a5e000 	C:\WINDOWS\SYSTEM32\POWRPROF.dll
0x00007ff8f67c0000 - 0x00007ff8f67f6000 	C:\WINDOWS\SYSTEM32\WINMM.dll
0x00007ff8fea90000 - 0x00007ff8fea9b000 	C:\WINDOWS\SYSTEM32\VERSION.dll
0x00007ff9069e0000 - 0x00007ff9069f4000 	C:\WINDOWS\SYSTEM32\UMPDC.dll
0x00007ff905880000 - 0x00007ff90589b000 	C:\WINDOWS\SYSTEM32\kernel.appcore.dll
0x00007ff903b60000 - 0x00007ff903b6a000 	C:\ManuallyInstalledPrograms\Eclipse\Java\plugins\org.eclipse.justj.openjdk.hotspot.jre.full.win32.x86_64_21.0.9.v20251105-0741\jre\bin\jimage.dll
0x00007ff8f7630000 - 0x00007ff8f7872000 	C:\WINDOWS\SYSTEM32\DBGHELP.DLL
0x00007ff907c90000 - 0x00007ff908013000 	C:\WINDOWS\System32\combase.dll
0x00007ff908870000 - 0x00007ff908949000 	C:\WINDOWS\System32\OLEAUT32.dll
0x00007ff8d8690000 - 0x00007ff8d86cb000 	C:\WINDOWS\SYSTEM32\dbgcore.DLL
0x00007ff906c60000 - 0x00007ff906d0c000 	C:\WINDOWS\System32\bcryptPrimitives.dll
0x00007ff903a30000 - 0x00007ff903a50000 	C:\ManuallyInstalledPrograms\Eclipse\Java\plugins\org.eclipse.justj.openjdk.hotspot.jre.full.win32.x86_64_21.0.9.v20251105-0741\jre\bin\java.dll
0x00007ff908dc0000 - 0x00007ff909552000 	C:\WINDOWS\System32\SHELL32.dll
0x00007ff904620000 - 0x00007ff904eb2000 	C:\WINDOWS\SYSTEM32\windows.storage.dll
0x00007ff9082e0000 - 0x00007ff9083d7000 	C:\WINDOWS\System32\SHCORE.dll
0x00007ff908950000 - 0x00007ff9089b7000 	C:\WINDOWS\System32\shlwapi.dll
0x00007ff906ac0000 - 0x00007ff906ae9000 	C:\WINDOWS\SYSTEM32\profapi.dll
0x00007ff901cc0000 - 0x00007ff901cd8000 	C:\ManuallyInstalledPrograms\Eclipse\Java\plugins\org.eclipse.justj.openjdk.hotspot.jre.full.win32.x86_64_21.0.9.v20251105-0741\jre\bin\zip.dll
0x00007ff903b50000 - 0x00007ff903b60000 	C:\ManuallyInstalledPrograms\Eclipse\Java\plugins\org.eclipse.justj.openjdk.hotspot.jre.full.win32.x86_64_21.0.9.v20251105-0741\jre\bin\net.dll
0x00007ff8fe3b0000 - 0x00007ff8fe4d7000 	C:\WINDOWS\SYSTEM32\WINHTTP.dll
0x00007ff905e30000 - 0x00007ff905e9c000 	C:\WINDOWS\system32\mswsock.dll
0x00007ff901910000 - 0x00007ff901926000 	C:\ManuallyInstalledPrograms\Eclipse\Java\plugins\org.eclipse.justj.openjdk.hotspot.jre.full.win32.x86_64_21.0.9.v20251105-0741\jre\bin\nio.dll
0x00007ff8d9820000 - 0x00007ff8d989e000 	C:\Users\mudki\AppData\Local\Temp\lwjgl_mudki\3.3.6+1\x64\lwjgl.dll
0x00007ff8d5b50000 - 0x00007ff8d5bd9000 	C:\Users\mudki\AppData\Local\Temp\lwjgl_mudki\3.3.6+1\x64\glfw.dll
0x00007ff867af0000 - 0x00007ff867b3b000 	C:\WINDOWS\SYSTEM32\dinput8.dll
0x00007ff888480000 - 0x00007ff88849b000 	C:\WINDOWS\SYSTEM32\xinput1_4.dll
0x00007ff906770000 - 0x00007ff9067c1000 	C:\WINDOWS\SYSTEM32\cfgmgr32.dll
0x00007ff906730000 - 0x00007ff90675f000 	C:\WINDOWS\SYSTEM32\DEVOBJ.dll
0x00007ff903f50000 - 0x00007ff903f7f000 	C:\WINDOWS\SYSTEM32\dwmapi.dll
0x00007ff8dc640000 - 0x00007ff8dc824000 	C:\WINDOWS\SYSTEM32\inputhost.dll
0x00007ff9037a0000 - 0x00007ff9038c5000 	C:\WINDOWS\SYSTEM32\CoreMessaging.dll
0x00007ff903cb0000 - 0x00007ff903d59000 	C:\WINDOWS\system32\uxtheme.dll
0x00007ff906150000 - 0x00007ff90615c000 	C:\WINDOWS\SYSTEM32\CRYPTBASE.DLL
0x00007ff9089c0000 - 0x00007ff908b1d000 	C:\WINDOWS\System32\MSCTF.dll
0x00007ff8e6f80000 - 0x00007ff8e708c000 	C:\WINDOWS\SYSTEM32\opengl32.dll
0x00007ff8e6820000 - 0x00007ff8e684d000 	C:\WINDOWS\SYSTEM32\GLU32.dll
0x00007ff903d90000 - 0x00007ff903dd6000 	C:\WINDOWS\SYSTEM32\dxcore.dll
0x00007ff8e46f0000 - 0x00007ff8e470a000 	C:\WINDOWS\SYSTEM32\windows.staterepositorycore.dll
0x00007ff858440000 - 0x00007ff85ad65000 	C:\WINDOWS\System32\DriverStore\FileRepository\nv_dispig.inf_amd64_f4c7a2fd13e0f763\nvoglv64.dll
0x00007ff907730000 - 0x00007ff907bb7000 	C:\WINDOWS\System32\SETUPAPI.dll
0x00007ff909660000 - 0x00007ff9097f9000 	C:\WINDOWS\System32\ole32.dll
0x00007ff903ba0000 - 0x00007ff903bc9000 	C:\WINDOWS\SYSTEM32\WTSAPI32.dll
0x00007ff907480000 - 0x00007ff9075f8000 	C:\WINDOWS\System32\CRYPT32.dll
0x00007ff905b30000 - 0x00007ff905b79000 	C:\WINDOWS\SYSTEM32\SspiCli.dll
0x00007ff9061b0000 - 0x00007ff9061c3000 	C:\WINDOWS\SYSTEM32\msasn1.dll
0x00007ff8fe230000 - 0x00007ff8fe26b000 	C:\WINDOWS\SYSTEM32\cryptnet.dll
0x00007ff906230000 - 0x00007ff90629a000 	C:\WINDOWS\SYSTEM32\wldp.dll
0x00007ff8fe0b0000 - 0x00007ff8fe229000 	C:\WINDOWS\SYSTEM32\drvstore.dll
0x00007ff9073f0000 - 0x00007ff907473000 	C:\WINDOWS\System32\WINTRUST.dll
0x00007ff9059b0000 - 0x00007ff9059e6000 	C:\WINDOWS\SYSTEM32\ntmarta.dll
0x00007ff9082b0000 - 0x00007ff9082d0000 	C:\WINDOWS\System32\imagehlp.dll
0x00007ff906130000 - 0x00007ff90614b000 	C:\WINDOWS\System32\CRYPTSP.dll
0x00007ff9057c0000 - 0x00007ff9057f9000 	C:\WINDOWS\system32\rsaenh.dll
0x00007ff906a90000 - 0x00007ff906aba000 	C:\WINDOWS\System32\bcrypt.dll
0x00007ff8f8b00000 - 0x00007ff8fd7ff000 	C:\WINDOWS\System32\DriverStore\FileRepository\nv_dispig.inf_amd64_f4c7a2fd13e0f763\nvgpucomp64.dll
0x00007ff9066c0000 - 0x00007ff906721000 	C:\WINDOWS\SYSTEM32\WINSTA.dll
0x00007ff8dc330000 - 0x00007ff8dc477000 	C:\WINDOWS\SYSTEM32\textinputframework.dll
0x00007ff8ff4d0000 - 0x00007ff8ff7b4000 	C:\WINDOWS\SYSTEM32\CoreUIComponents.dll
0x00007ff8fff60000 - 0x00007ff9000ca000 	C:\WINDOWS\SYSTEM32\wintypes.dll
0x00007ff8d89c0000 - 0x00007ff8d8a1d000 	C:\Users\mudki\AppData\Local\Temp\lwjgl_mudki\3.3.6+1\x64\lwjgl_opengl.dll
0x00007ff8c09a0000 - 0x00007ff8c0b2f000 	C:\ManuallyInstalledPrograms\Eclipse\Java\plugins\org.eclipse.justj.openjdk.hotspot.jre.full.win32.x86_64_21.0.9.v20251105-0741\jre\bin\awt.dll
0x00007ff903bd0000 - 0x00007ff903c70000 	C:\WINDOWS\SYSTEM32\apphelp.dll
0x00007ff905ef0000 - 0x00007ff905f22000 	C:\WINDOWS\SYSTEM32\USERENV.dll
0x00007ff905200000 - 0x00007ff905233000 	C:\WINDOWS\SYSTEM32\IPHLPAPI.DLL
0x00007ff909800000 - 0x00007ff90980a000 	C:\WINDOWS\System32\NSI.dll

JVMTI agents: none

dbghelp: loaded successfully - version: 4.0.5 - missing functions: none
symbol engine: initialized successfully - sym options: 0x614 - pdb path: .;C:\ManuallyInstalledPrograms\Eclipse\Java\plugins\org.eclipse.justj.openjdk.hotspot.jre.full.win32.x86_64_21.0.9.v20251105-0741\jre\bin;C:\WINDOWS\SYSTEM32;C:\WINDOWS\WinSxS\amd64_microsoft.windows.common-controls_6595b64144ccf1df_6.0.26100.8875_none_3e0d5d42e32fe9dd;C:\ManuallyInstalledPrograms\Eclipse\Java\plugins\org.eclipse.justj.openjdk.hotspot.jre.full.win32.x86_64_21.0.9.v20251105-0741\jre\bin\server;C:\Users\mudki\AppData\Local\Temp\lwjgl_mudki\3.3.6+1\x64;C:\WINDOWS\System32\DriverStore\FileRepository\nv_dispig.inf_amd64_f4c7a2fd13e0f763

VM Arguments:
jvm_args: -Dfile.encoding=UTF-8 -Dstdout.encoding=UTF-8 -Dstderr.encoding=UTF-8 -XX:+ShowCodeDetailsInExceptionMessages 
java_command: com.mudkipboy7.mudJavaEngine.Main
java_class_path (initial): C:\Programming\ProgrammingProjects\MudJavaEngine\bin\main;C:\Programming\Gradle\.gradle\caches\modules-2\files-2.1\org.lwjgl\lwjgl-assimp\3.3.6\931a8de55dd5ee546689119c85ed4d4af7fa68f2\lwjgl-assimp-3.3.6.jar;C:\Programming\Gradle\.gradle\caches\modules-2\files-2.1\org.lwjgl\lwjgl-bgfx\3.3.6\8309ffb8fa032d8b96797147b541ac626c15d848\lwjgl-bgfx-3.3.6.jar;C:\Programming\Gradle\.gradle\caches\modules-2\files-2.1\org.lwjgl\lwjgl-glfw\3.3.6\7119f7d0eeb1e5502ff0ca71d2b4d47317da015\lwjgl-glfw-3.3.6.jar;C:\Programming\Gradle\.gradle\caches\modules-2\files-2.1\org.lwjgl\lwjgl-nanovg\3.3.6\b6b01c8950e0d53a3e65cb4078a2ace44509ee2a\lwjgl-nanovg-3.3.6.jar;C:\Programming\Gradle\.gradle\caches\modules-2\files-2.1\org.lwjgl\lwjgl-nuklear\3.3.6\a1fa66130955a3371cc2af58f268b90b033acbe6\lwjgl-nuklear-3.3.6.jar;C:\Programming\Gradle\.gradle\caches\modules-2\files-2.1\org.lwjgl\lwjgl-openal\3.3.6\ad313317ff399fd2a7f4dd74716a68cf3976c6ad\lwjgl-openal-3.3.6.jar;C:\Programming\Gradle\.gradle\caches\modules-2\files-2.1\org.lwjgl\lwjgl-opengl\3.3.6\ac2532612a4df374e9a9282bcf8ce2573018ebbb\lwjgl-opengl-3.3.6.jar;C:\Programming\Gradle\.gradle\caches\modules-2\files-2.1\org.lwjgl\lwjgl-par\3.3.6\a0d044565798236345956e2993c908195278bbd9\lwjgl-par-3.3.6.jar;C:\Programming\Gradle\.gradle\caches\modules-2\files-2.1\org.lwjgl\lwjgl-stb\3.3.6\e2d3739dcfe7b672b626ded66d94f6587083306e\lwjgl-stb-3.3.6.jar;C:\Programming\Gradle\.gradle\caches\modules-2\files-2.1\org.lwjgl\lwjgl-vulkan\3.3.6\a403e0931b03b138854bb2ba9c48dab646cba6d8\lwjgl-vulkan-3.3.6.jar;C:\Programming\Gradle\.gradle\caches\modules-2\files-2.1\org.lwjgl\lwjgl\3.3.6\ce7721d30cfaf47feaed10213e0c43eb55c49d68\lwjgl-3.3.6.jar;C:\Programming\Gradle\.gradle\caches\modules-2\files-2.1\com.electronwill.night-config\toml\3.6.0\f0c2c48748bdfc8d1f3798ec478f003bccc7e0b1\toml-3.6.0.jar;C:\Programming\Gradle\.gradle\caches\modules-2\files-2.1\com.electronwill.night-config\core\3.6.0\412f2edf0ef6cc9178ab38751af4e507f413bef\core-3.6.0.jar;C:\Programming\Gradle\.gradle\caches\modules-2\files-2.1\org.lwjgl\lwjgl-assimp\3.3.6\486fa1e2db9fc903a0cab984604cef1a895b0e28\lwjgl-assimp-3.3.6-natives-windows.jar;C:\Programming\Gradle\.gradle\caches\modules-2\files-2.1\org.lwjgl\lwjgl-bgfx\3.3.6\3080eaf795827a041d0906a0541a4972c9e8ddc3\lwjgl-bgfx-3.3.6-natives-windows.jar;C:\Programming\Gradle\.gradle\caches\modules-2\files-2.1\org.lwjgl\lwjgl-glfw\3.3.6\99ef08056feb9627f90425a4d2a22cd9fae8e39b\lwjgl-glfw-3.3.6-natives-windows.jar;C:\Programming\Gradle\.gradle\caches\modules-2\files-2.1\org.lwjgl\lwjgl-nanovg\3.3.6\5b49bf72fac95789ae809592311fcfeae03cdf77\lwjgl-nanovg-3.3.6-natives-windows.jar;C:\Programming\Gradle\.gradle\caches\modules-2\files-2.1\org.lwjgl\lwjgl-nuklear\3.3.6\c25f05065d7b13593e94bb3ce27d448ce8564650\lwjgl-nuklear-3.3.6-natives-windows.jar;C:\Programming\Gradle\.gradle\caches\modules-2\files-2.1\org.lwjgl\lwjgl-openal\3.3.6\9c2b9b660e085bb0b47a4453dc0e26f24a5475e4\lwjgl-openal-3.3.6-natives-windows.jar;C:\Programming\Gradle\.gradle\caches\modules-2\files-2.1\org.lwjgl\lwjgl-opengl\3.3.6\18dc639ebc94aa5202c2157f7490d28997b697c5\lwjgl-opengl-3.3.6-natives-windows.jar;C:\Programming\Gradle\.gradle\caches\modules-2\files-2.1\org.lwjgl\lwjgl-par\3.3.6\50a7f7029cdcac3687f105eace2a61e5b44d0118\lwjgl-par-3.3.6-natives-windows.jar;C:\Programming\Gradle\.gradle\caches\modules-2\files-2.1\org.lwjgl\lwjgl-stb\3.3.6\334cf885b39e2db9070c39e70e65efb136435f10\lwjgl-stb-3.3.6-natives-windows.jar;C:\Programming\Gradle\.gradle\caches\modules-2\files-2.1\org.lwjgl\lwjgl\3.3.6\9a29b6a22fc5184604b8cb434ee5d5ecc4bfcbee\lwjgl-3.3.6-natives-windows.jar
Launcher Type: SUN_STANDARD

[Global flags]
     intx CICompilerCount                          = 12                                        {product} {ergonomic}
     uint ConcGCThreads                            = 5                                         {product} {ergonomic}
     uint G1ConcRefinementThreads                  = 18                                        {product} {ergonomic}
   size_t G1HeapRegionSize                         = 2097152                                   {product} {ergonomic}
    uintx GCDrainStackTargetSize                   = 64                                        {product} {ergonomic}
   size_t InitialHeapSize                          = 253755392                                 {product} {ergonomic}
   size_t MarkStackSize                            = 4194304                                   {product} {ergonomic}
   size_t MaxHeapSize                              = 4057989120                                {product} {ergonomic}
   size_t MaxNewSize                               = 2434793472                                {product} {ergonomic}
   size_t MinHeapDeltaBytes                        = 2097152                                   {product} {ergonomic}
   size_t MinHeapSize                              = 8388608                                   {product} {ergonomic}
    uintx NonNMethodCodeHeapSize                   = 7602480                                {pd product} {ergonomic}
    uintx NonProfiledCodeHeapSize                  = 122027880                              {pd product} {ergonomic}
    uintx ProfiledCodeHeapSize                     = 122027880                              {pd product} {ergonomic}
    uintx ReservedCodeCacheSize                    = 251658240                              {pd product} {ergonomic}
     bool SegmentedCodeCache                       = true                                      {product} {ergonomic}
     bool ShowCodeDetailsInExceptionMessages       = true                                   {manageable} {command line}
   size_t SoftMaxHeapSize                          = 4057989120                             {manageable} {ergonomic}
     bool UseCompressedOops                        = true                           {product lp64_product} {ergonomic}
     bool UseG1GC                                  = true                                      {product} {ergonomic}
     bool UseLargePagesIndividualAllocation        = false                                  {pd product} {ergonomic}

Logging:
Log output configuration:
 #0: stdout all=warning uptime,level,tags foldmultilines=false
 #1: stderr all=off uptime,level,tags foldmultilines=false

Release file:
JAVA_VERSION="21.0.9" 
MODULES="java.base java.compiler java.datatransfer java.xml java.prefs java.desktop java.instrument java.logging java.management java.security.sasl java.naming java.rmi java.management.rmi java.net.http java.scripting java.security.jgss java.transaction.xa java.sql java.sql.rowset java.xml.crypto java.se java.smartcardio jdk.accessibility jdk.internal.jvmstat jdk.attach jdk.charsets jdk.internal.opt jdk.zipfs jdk.compiler jdk.crypto.ec jdk.crypto.cryptoki jdk.crypto.mscapi jdk.dynalink jdk.internal.ed jdk.editpad jdk.hotspot.agent jdk.httpserver jdk.internal.le jdk.internal.vm.ci jdk.internal.vm.compiler jdk.internal.vm.compiler.management jdk.jartool jdk.javadoc jdk.jcmd jdk.management jdk.management.agent jdk.jconsole jdk.jdeps jdk.jdwp.agent jdk.jdi jdk.jfr jdk.jshell jdk.jsobject jdk.jstatd jdk.localedata jdk.management.jfr jdk.naming.dns jdk.naming.rmi jdk.net jdk.nio.mapmode jdk.random jdk.sctp jdk.security.auth jdk.security.jgss jdk.unsupported jdk.unsupported.desktop jdk.xml.dom" 

Environment Variables:
JAVA_HOME=C:\Program Files\Java\jdk-17
PATH=C:/ManuallyInstalledPrograms/Eclipse/Java//plugins/org.eclipse.justj.openjdk.hotspot.jre.full.win32.x86_64_21.0.9.v20251105-0741/jre/bin/server;C:/ManuallyInstalledPrograms/Eclipse/Java//plugins/org.eclipse.justj.openjdk.hotspot.jre.full.win32.x86_64_21.0.9.v20251105-0741/jre/bin;C:\Program Files\Python314\Scripts\;C:\Program Files\Python314\;C:\Program Files\Common Files\Oracle\Java\javapath;C:\Program Files (x86)\Common Files\Oracle\Java\java8path;C:\Program Files (x86)\Common Files\Oracle\Java\javapath;"C:\Program Files\Python314\Scripts\;C:\Program Files\Python314\;C:\Program Files\Common Files\Oracle\Java\javapath;C:\Program Files (x86)\Common Files\Oracle\Java\java8path;C:\Program Files (x86)\Common Files\Oracle\Java\javapath;"C:\Program Files\Python314\Scripts\;C:\Program Files\Python314\;C:\Program Files\Common Files\Oracle\Java\javapath;C:\Program Files (x86)\Common Files\Oracle\Java\java8path;C:\Program Files (x86)\Common Files\Oracle\Java\javapath;"C:\WINDOWS\System32;C:\Program Files\Java\jdk-17\bin";C:\WINDOWS\system32;C:\WINDOWS;C:\WINDOWS\System32\Wbem;C:\WINDOWS\System32\WindowsPowerShell\v1.0\;C:\WINDOWS\System32\OpenSSH\;C:\ManuallyInstalledPrograms\git\cmd;C:\ManuallyInstalledPrograms\lua;C:\ManuallyInstalledPrograms\wget;C:\Program Files\dotnet\;C:\ManuallyInstalledPrograms\lua;;C:\Program Files\Java\jdk-17\bin";C:\WINDOWS\system32;C:\WINDOWS;C:\WINDOWS\System32\Wbem;C:\WINDOWS\System32\WindowsPowerShell\v1.0\;C:\WINDOWS\System32\OpenSSH\;C:\ManuallyInstalledPrograms\git\cmd;C:\ManuallyInstalledPrograms\lua;C:\ManuallyInstalledPrograms\wget;C:\Program Files\dotnet\;C:\ManuallyInstalledPrograms\lua;;C:\Program Files\Java\jdk-17\bin";C:\WINDOWS\system32;C:\WINDOWS;C:\WINDOWS\System32\Wbem;C:\WINDOWS\System32\WindowsPowerShell\v1.0\;C:\WINDOWS\System32\OpenSSH\;C:\ManuallyInstalledPrograms\git\cmd;C:\ManuallyInstalledPrograms\lua;C:\ManuallyInstalledPrograms\wget;C:\Program Files\dotnet\;C:\ManuallyInstalledPrograms\lua;C:\Users\mudki\AppData\Local\Microsoft\WindowsApps;;C:\ManuallyInstalledPrograms\Eclipse\Java;
USERNAME=mudki
OS=Windows_NT
PROCESSOR_IDENTIFIER=AMD64 Family 25 Model 97 Stepping 2, AuthenticAMD
TMP=C:\Users\mudki\AppData\Local\Temp
TEMP=C:\Users\mudki\AppData\Local\Temp




Periodic native trim disabled

---------------  S Y S T E M  ---------------

OS:
 Windows 11 , 64 bit Build 26100 (10.0.26100.8875)
OS uptime: 0 days 10:59 hours
Hyper-V role detected

CPU: total 24 (initial active 24) (24 cores per cpu, 2 threads per core) family 25 model 97 stepping 2 microcode 0xa60120c, cx8, cmov, fxsr, ht, mmx, 3dnowpref, sse, sse2, sse3, ssse3, sse4a, sse4.1, sse4.2, popcnt, lzcnt, tsc, tscinvbit, avx, avx2, aes, erms, clmul, bmi1, bmi2, adx, avx512f, avx512dq, avx512cd, avx512bw, avx512vl, sha, fma, vzeroupper, avx512_vpopcntdq, avx512_vpclmulqdq, avx512_vaes, avx512_vnni, clflush, clflushopt, avx512_vbmi2, avx512_vbmi, hv, rdtscp, rdpid, fsrm, gfni, avx512_bitalg, f16c, cet_ss, avx512_ifma
Processor Information for the first 24 processors :
  Max Mhz: 4701, Current Mhz: 4701, Mhz Limit: 4701

Memory: 4k page, system-wide physical 15477M (3686M free)
TotalPageFile size 31861M (AvailPageFile size 13168M)
current process WorkingSet (physical memory assigned to process): 132M, peak: 132M
current process commit charge ("private bytes"): 450M, peak: 450M

vm_info: OpenJDK 64-Bit Server VM (21.0.9+10-LTS) for windows-amd64 JRE (21.0.9+10-LTS), built on 2025-10-21T00:00:00Z by "admin" with unknown MS VC++:1942

END.
