#
# A fatal error has been detected by the Java Runtime Environment:
#
#  EXCEPTION_ACCESS_VIOLATION (0xc0000005) at pc=0x00007ff8d5b57bd7, pid=24940, tid=32172
#
# JRE version: OpenJDK Runtime Environment Temurin-21.0.9+10 (21.0.9+10) (build 21.0.9+10-LTS)
# Java VM: OpenJDK 64-Bit Server VM Temurin-21.0.9+10 (21.0.9+10-LTS, mixed mode, sharing, tiered, compressed oops, compressed class ptrs, g1 gc, windows-amd64)
# Problematic frame:
# C  [glfw.dll+0x7bd7]
#
# No core dump will be written. Minidumps are not enabled by default on client versions of Windows
#
# If you would like to submit a bug report, please visit:
#   https://github.com/adoptium/adoptium-support/issues
# The crash happened outside the Java Virtual Machine in native code.
# See problematic frame for where to report the bug.
#

---------------  S U M M A R Y ------------

Command Line: -XX:+ShowCodeDetailsInExceptionMessages -agentlib:jdwp=transport=dt_socket,suspend=y,address=localhost:51565 -javaagent:C:\ManuallyInstalledPrograms\Eclipse\Java\configuration\org.eclipse.osgi\258\0\.cp\lib\javaagent-shaded.jar -Dfile.encoding=UTF-8 -Dstdout.encoding=UTF-8 -Dstderr.encoding=UTF-8 com.mudkipboy7.mudJavaEngine.Main

Host: AMD Ryzen 9 7900X 12-Core Processor            , 24 cores, 15G,  Windows 11 , 64 bit Build 26100 (10.0.26100.8875)
Time: Wed Aug 12 21:04:23 2026 Central Daylight Time elapsed time: 0.732005 seconds (0d 0h 0m 0s)

---------------  T H R E A D  ---------------

Current thread (0x000001d9e799e610):  JavaThread "main"             [_thread_in_native, id=32172, stack(0x000000d93a600000,0x000000d93a700000) (1024K)]

Stack: [0x000000d93a600000,0x000000d93a700000],  sp=0x000000d93a6ff0b8,  free space=1020k
Native frames: (J=compiled Java code, j=interpreted, Vv=VM code, C=native code)
C  [glfw.dll+0x7bd7]

Java frames: (J=compiled Java code, j=interpreted, Vv=VM code)
j  org.lwjgl.system.JNI.invokePPPV(JJJJ)V+0
j  org.lwjgl.glfw.GLFW.nglfwGetWindowSize(JJJ)V+22
j  com.mudkipboy7.mudJavaEngine.Main.tickRendering()V+17
j  com.mudkipboy7.mudJavaEngine.Main.run()V+31
j  com.mudkipboy7.mudJavaEngine.Main.main([Ljava/lang/String;)V+55
v  ~StubRoutines::call_stub 0x000001d9f27910e7

siginfo: EXCEPTION_ACCESS_VIOLATION (0xc0000005), writing address 0x00000000000003e8


Registers:
RAX=0x0000000000000000, RBX=0x000001d9c55138a8, RCX=0x000001d9c95e2410, RDX=0x00000000000003e8
RSP=0x000000d93a6ff0b8, RBP=0x000000d93a6ff170, RSI=0x000000000000060a, RDI=0x00000000000000c8
R8 =0x0000000000000085, R9 =0x00000000000003e8, R10=0x000001d9f27a07c7, R11=0x000000071bc847b8
R12=0x0000000000000000, R13=0x000001d9c55138a8, R14=0x000000d93a6ff1c8, R15=0x000001d9e799e610
RIP=0x00007ff8d5b57bd7, EFLAGS=0x0000000000010206

XMM[0]=0x0000000000000000 0x0000000000000000
XMM[1]=0x0000000000000000 0x0000000000000000
XMM[2]=0x0000000000000000 0x00000000bdcccccd
XMM[3]=0x0000000000000000 0x00000000bd23d70a
XMM[4]=0x0000000000000000 0x0000000000000000
XMM[5]=0x0000000000000000 0x0000000000000000
XMM[6]=0x0000000000000000 0x459176a550a84614
XMM[7]=0x0000000000000000 0xb76c25747845117f
XMM[8]=0x0000000000000000 0x0b3c73a1e1caaeca
XMM[9]=0x0000000000000000 0x483b58ad081b993f
XMM[10]=0x0000000000000000 0x00000000bfe04092
XMM[11]=0x0000000000000000 0xae5eba6db67a53ac
XMM[12]=0x0000000000000000 0x00000000081b993f
XMM[13]=0x0000000000000000 0x0000000000000000
XMM[14]=0x0000000000000000 0x0000000000000000
XMM[15]=0x0000000000000000 0x0000000000000000
  MXCSR=0x00001fa0


Register to memory mapping:

RAX=0x0 is null
RBX={method} {0x000001d9c55138b0} 'invokePPPV' '(JJJJ)V' in 'org/lwjgl/system/JNI'
RCX=0x000001d9c95e2410 points into unknown readable memory: 0x0000000000000000 | 00 00 00 00 00 00 00 00
RDX=0x00000000000003e8 is an unknown value
RSP=0x000000d93a6ff0b8 is pointing into the stack for thread: 0x000001d9e799e610
RBP=0x000000d93a6ff170 is pointing into the stack for thread: 0x000001d9e799e610
RSI=0x000000000000060a is an unknown value
RDI=0x00000000000000c8 is an unknown value
R8 =0x0000000000000085 is an unknown value
R9 =0x00000000000003e8 is an unknown value
R10=0x000001d9f27a07c7 is at code_begin+1927 in an Interpreter codelet
native method entry point (kind = native)  [0x000001d9f27a0040, 0x000001d9f27a12b0]  4720 bytes
R11=0x000000071bc847b8 is an oop: java.lang.Class 
{0x000000071bc847b8} - klass: 'java/lang/Class'
 - ---- fields (total size 14 words):
 - private volatile transient 'classRedefinedCount' 'I' @12  0 (0x00000000)
 - injected 'klass' 'J' @16  2033750992872 (0x000001d9850167e8)
 - injected 'array_klass' 'J' @24  0 (0x0000000000000000)
 - injected 'oop_size' 'I' @32  14 (0x0000000e)
 - injected 'static_oop_field_count' 'I' @36  0 (0x00000000)
 - private volatile transient 'cachedConstructor' 'Ljava/lang/reflect/Constructor;' @40  null (0x00000000)
 - private transient 'name' 'Ljava/lang/String;' @44  "org.lwjgl.system.JNI"{0x000000071bc89c10} (0xe3791382)
 - private transient 'module' 'Ljava/lang/Module;' @48  a 'java/lang/Module'{0x000000071bc89c50} (0xe379138a)
 - private final 'classLoader' 'Ljava/lang/ClassLoader;' @52  a 'jdk/internal/loader/ClassLoaders$AppClassLoader'{0x000000071bc00030} (0xe3780006)
 - private transient 'classData' 'Ljava/lang/Object;' @56  null (0x00000000)
 - private transient 'packageName' 'Ljava/lang/String;' @60  "org.lwjgl.system"{0x000000071bc89c88} (0xe3791391)
 - private final 'componentType' 'Ljava/lang/Class;' @64  null (0x00000000)
 - private volatile transient 'reflectionData' 'Ljava/lang/ref/SoftReference;' @68  null (0x00000000)
 - private volatile transient 'genericInfo' 'Lsun/reflect/generics/repository/ClassRepository;' @72  null (0x00000000)
 - private volatile transient 'enumConstants' '[Ljava/lang/Object;' @76  null (0x00000000)
 - private volatile transient 'enumConstantDirectory' 'Ljava/util/Map;' @80  null (0x00000000)
 - private volatile transient 'annotationData' 'Ljava/lang/Class$AnnotationData;' @84  null (0x00000000)
 - private volatile transient 'annotationType' 'Lsun/reflect/annotation/AnnotationType;' @88  null (0x00000000)
 - transient 'classValueMap' 'Ljava/lang/ClassValue$ClassValueMap;' @92  null (0x00000000)
 - injected 'protection_domain' 'Ljava/lang/Object;' @96  a 'java/security/ProtectionDomain'{0x000000071bc89cc0} (0xe3791398)
 - injected 'signers_name' 'Ljava/lang/Object;' @100  null (0x00000000)
 - injected 'source_file' 'Ljava/lang/Object;' @104  null (0x00000000)
 - injected '<init_lock>' 'Ljava/lang/Object;' @108  null (0x00000000)
 - signature: Lorg/lwjgl/system/JNI;
 - ---- static fields (0):
R12=0x0 is null
R13={method} {0x000001d9c55138b0} 'invokePPPV' '(JJJJ)V' in 'org/lwjgl/system/JNI'
R14=0x000000d93a6ff1c8 is pointing into the stack for thread: 0x000001d9e799e610
R15=0x000001d9e799e610 is a thread

Top of Stack: (sp=0x000000d93a6ff0b8)
0x000000d93a6ff0b8:   000001d9f27a07f6 000000d93a6ff2c0
0x000000d93a6ff0c8:   000001d9e799e610 000000000000060a
0x000000d93a6ff0d8:   00000000000000b8 0000000000000085
0x000000d93a6ff0e8:   00007ff8d5b57bd0 000001d9c5461c48
0x000000d93a6ff0f8:   000000071c97c458 000000d93a6ff100
0x000000d93a6ff108:   000001d9c55de9a0 0000000000000007
0x000000d93a6ff118:   000001d9c55df080 0000000000000000
0x000000d93a6ff128:   000000d93a6ff128 0000000000000000
0x000000d93a6ff138:   000000000000000b 000001d9c5549a20
0x000000d93a6ff148:   0000000000000000 000000071bc847b8
0x000000d93a6ff158:   000001d9c55138a8 0000000000000000
0x000000d93a6ff168:   000000d93a6ff190 000000d93a6ff218
0x000000d93a6ff178:   000001d9f27991b4 000000071bc847b8
0x000000d93a6ff188:   000001d9f279c6f7 00007ff8d5b57bd0
0x000000d93a6ff198:   0000000000000000 0000000000000085
0x000000d93a6ff1a8:   0000000000000000 00000000000003e8
0x000000d93a6ff1b8:   0000000000000000 000001d9c95e2410
0x000000d93a6ff1c8:   0000000000000000 000000d93a6ff1d0
0x000000d93a6ff1d8:   000001d9c5461c06 0000000000000009
0x000000d93a6ff1e8:   000001d9c5488000 0000000000000000
0x000000d93a6ff1f8:   000000071bd1bef8 000001d9c5461c48
0x000000d93a6ff208:   000000d93a6ff190 000000d93a6ff238
0x000000d93a6ff218:   000000d93a6ff2b0 000001d9f27991b4
0x000000d93a6ff228:   00007ff8d5b57bd0 0000000000000000
0x000000d93a6ff238:   0000000000000085 0000000000000000
0x000000d93a6ff248:   00000000000003e8 0000000000000000
0x000000d93a6ff258:   000001d9c95e2410 0000000000000000
0x000000d93a6ff268:   000000d93a6ff268 000001d9c54468d9
0x000000d93a6ff278:   0000000000000002 000001d9c5447108
0x000000d93a6ff288:   0000000000000000 000000071bc119c0
0x000000d93a6ff298:   000001d9c5446900 000000d93a6ff238
0x000000d93a6ff2a8:   000000d93a6ff2c0 000000d93a6ff310 

Instructions: (pc=0x00007ff8d5b57bd7)
0x00007ff8d5b57ad7:   75 0c 33 d2 b9 01 00 01 00 e9 cb a3 ff ff 48 ff
0x00007ff8d5b57ae7:   25 74 6f 07 00 cc cc cc cc 45 33 d2 48 85 d2 74
0x00007ff8d5b57af7:   03 44 89 12 4d 85 c0 74 03 45 89 10 4d 85 c9 74
0x00007ff8d5b57b07:   03 45 89 11 48 8b 44 24 28 48 85 c0 74 03 44 89
0x00007ff8d5b57b17:   10 44 39 15 b1 6d 07 00 75 0c 33 d2 b9 01 00 01
0x00007ff8d5b57b27:   00 e9 83 a3 ff ff 48 89 44 24 28 48 ff 25 1f 6f
0x00007ff8d5b57b37:   07 00 cc cc cc cc cc cc cc 48 83 ec 28 83 3d 85
0x00007ff8d5b57b47:   6d 07 00 00 75 13 33 d2 b9 01 00 01 00 e8 57 a3
0x00007ff8d5b57b57:   ff ff 33 c0 48 83 c4 28 c3 48 8b 41 50 48 83 c4
0x00007ff8d5b57b67:   28 c3 cc cc cc cc cc cc cc 48 83 ec 28 83 3d 55
0x00007ff8d5b57b77:   6d 07 00 00 75 14 33 d2 b9 01 00 01 00 e8 27 a3
0x00007ff8d5b57b87:   ff ff 0f 57 c0 48 83 c4 28 c3 48 83 c4 28 48 ff
0x00007ff8d5b57b97:   25 3c 6f 07 00 cc cc cc cc 33 c0 48 85 d2 74 02
0x00007ff8d5b57ba7:   89 02 4d 85 c0 74 03 41 89 00 39 05 19 6d 07 00
0x00007ff8d5b57bb7:   75 0c 33 d2 b9 01 00 01 00 e9 eb a2 ff ff 48 ff
0x00007ff8d5b57bc7:   25 54 6e 07 00 cc cc cc cc 33 c0 48 85 d2 74 02
0x00007ff8d5b57bd7:   89 02 4d 85 c0 74 03 41 89 00 39 05 e9 6c 07 00
0x00007ff8d5b57be7:   75 0c 33 d2 b9 01 00 01 00 e9 bb a2 ff ff 48 ff
0x00007ff8d5b57bf7:   25 34 6e 07 00 cc cc cc cc 48 83 ec 28 83 3d c5
0x00007ff8d5b57c07:   6c 07 00 00 75 13 33 d2 b9 01 00 01 00 e8 97 a2
0x00007ff8d5b57c17:   ff ff 33 c0 48 83 c4 28 c3 48 8b 41 60 48 83 c4
0x00007ff8d5b57c27:   28 c3 cc cc cc cc cc cc cc 48 83 ec 28 83 3d 95
0x00007ff8d5b57c37:   6c 07 00 00 75 13 33 d2 b9 01 00 01 00 e8 67 a2
0x00007ff8d5b57c47:   ff ff 33 c0 48 83 c4 28 c3 48 8b 41 28 48 83 c4
0x00007ff8d5b57c57:   28 c3 cc cc cc cc cc cc cc 83 3d 69 6c 07 00 00
0x00007ff8d5b57c67:   75 0c 33 d2 b9 01 00 01 00 e9 3b a2 ff ff 48 83
0x00007ff8d5b57c77:   79 50 00 75 07 48 ff 25 05 6e 07 00 c3 cc cc cc
0x00007ff8d5b57c87:   cc cc cc cc cc cc cc cc cc 83 3d 39 6c 07 00 00
0x00007ff8d5b57c97:   75 0c 33 d2 b9 01 00 01 00 e9 0b a2 ff ff 48 ff
0x00007ff8d5b57ca7:   25 bc 6d 07 00 cc cc cc cc 83 3d 19 6c 07 00 00
0x00007ff8d5b57cb7:   75 0c 33 d2 b9 01 00 01 00 e9 eb a1 ff ff 48 83
0x00007ff8d5b57cc7:   79 50 00 75 07 48 ff 25 a5 6d 07 00 c3 cc cc cc 


Stack slot to memory mapping:

stack at sp + 0 slots: 0x000001d9f27a07f6 is at code_begin+1974 in an Interpreter codelet
native method entry point (kind = native)  [0x000001d9f27a0040, 0x000001d9f27a12b0]  4720 bytes
stack at sp + 1 slots: 0x000000d93a6ff2c0 is pointing into the stack for thread: 0x000001d9e799e610
stack at sp + 2 slots: 0x000001d9e799e610 is a thread
stack at sp + 3 slots: 0x000000000000060a is an unknown value
stack at sp + 4 slots: 0x00000000000000b8 is an unknown value
stack at sp + 5 slots: 0x0000000000000085 is an unknown value
stack at sp + 6 slots: 0x00007ff8d5b57bd0 glfw.dll
stack at sp + 7 slots: {method} {0x000001d9c5461c50} 'nglfwGetWindowSize' '(JJJ)V' in 'org/lwjgl/glfw/GLFW'


---------------  P R O C E S S  ---------------

Threads class SMR info:
_java_thread_list=0x000001d9cb1cf3a0, length=24, elements={
0x000001d9e799e610, 0x000001d9833288d0, 0x000001d983329320, 0x000001d983332f20,
0x000001d9833368a0, 0x000001d983336f30, 0x000001d9833354f0, 0x000001d983349320,
0x000001d983347060, 0x000001d9834181c0, 0x000001d982da8fc0, 0x000001d9834c5bf0,
0x000001d983562cd0, 0x000001d98353a240, 0x000001d98369cc50, 0x000001d983333ab0,
0x000001d983334140, 0x000001d9caebc4c0, 0x000001d9833347d0, 0x000001d9cafe2e90,
0x000001d9cba2e780, 0x000001d9cb0acad0, 0x000001d983335b80, 0x000001d9cb682830
}

Java Threads: ( => current thread )
=>0x000001d9e799e610 JavaThread "main"                              [_thread_in_native, id=32172, stack(0x000000d93a600000,0x000000d93a700000) (1024K)]
  0x000001d9833288d0 JavaThread "Reference Handler"          daemon [_thread_blocked, id=9832, stack(0x000000d93ae00000,0x000000d93af00000) (1024K)]
  0x000001d983329320 JavaThread "Finalizer"                  daemon [_thread_blocked, id=31964, stack(0x000000d93af00000,0x000000d93b000000) (1024K)]
  0x000001d983332f20 JavaThread "Signal Dispatcher"          daemon [_thread_blocked, id=22464, stack(0x000000d93b000000,0x000000d93b100000) (1024K)]
  0x000001d9833368a0 JavaThread "Attach Listener"            daemon [_thread_blocked, id=29744, stack(0x000000d93b100000,0x000000d93b200000) (1024K)]
  0x000001d983336f30 JavaThread "Service Thread"             daemon [_thread_blocked, id=20004, stack(0x000000d93b200000,0x000000d93b300000) (1024K)]
  0x000001d9833354f0 JavaThread "Monitor Deflation Thread"   daemon [_thread_blocked, id=15300, stack(0x000000d93b300000,0x000000d93b400000) (1024K)]
  0x000001d983349320 JavaThread "C2 CompilerThread0"         daemon [_thread_blocked, id=25264, stack(0x000000d93b400000,0x000000d93b500000) (1024K)]
  0x000001d983347060 JavaThread "C1 CompilerThread0"         daemon [_thread_blocked, id=28564, stack(0x000000d93b500000,0x000000d93b600000) (1024K)]
  0x000001d9834181c0 JavaThread "C1 CompilerThread1"         daemon [_thread_blocked, id=23000, stack(0x000000d93b600000,0x000000d93b700000) (1024K)]
  0x000001d982da8fc0 JavaThread "C1 CompilerThread2"         daemon [_thread_blocked, id=21028, stack(0x000000d93b700000,0x000000d93b800000) (1024K)]
  0x000001d9834c5bf0 JavaThread "C1 CompilerThread3"         daemon [_thread_blocked, id=9484, stack(0x000000d93b800000,0x000000d93b900000) (1024K)]
  0x000001d983562cd0 JavaThread "JDWP Transport Listener: dt_socket" daemon [_thread_blocked, id=23004, stack(0x000000d93b900000,0x000000d93ba00000) (1024K)]
  0x000001d98353a240 JavaThread "JDWP Event Helper Thread"   daemon [_thread_blocked, id=26760, stack(0x000000d93ba00000,0x000000d93bb00000) (1024K)]
  0x000001d98369cc50 JavaThread "JDWP Command Reader"        daemon [_thread_in_native, id=31284, stack(0x000000d93bb00000,0x000000d93bc00000) (1024K)]
  0x000001d983333ab0 JavaThread "Common-Cleaner"             daemon [_thread_blocked, id=16600, stack(0x000000d93bc00000,0x000000d93bd00000) (1024K)]
  0x000001d983334140 JavaThread "Notification Thread"        daemon [_thread_blocked, id=32300, stack(0x000000d93be00000,0x000000d93bf00000) (1024K)]
  0x000001d9caebc4c0 JavaThread "C2 CompilerThread1"         daemon [_thread_blocked, id=24464, stack(0x000000d93bd00000,0x000000d93be00000) (1024K)]
  0x000001d9833347d0 JavaThread "Java2D Disposer"            daemon [_thread_blocked, id=1532, stack(0x000000d93d000000,0x000000d93d100000) (1024K)]
  0x000001d9cafe2e90 JavaThread "C2 CompilerThread2"         daemon [_thread_blocked, id=3360, stack(0x000000d93d100000,0x000000d93d200000) (1024K)]
  0x000001d9cba2e780 JavaThread "C2 CompilerThread3"         daemon [_thread_blocked, id=20368, stack(0x000000d93d200000,0x000000d93d300000) (1024K)]
  0x000001d9cb0acad0 JavaThread "C2 CompilerThread4"         daemon [_thread_blocked, id=29736, stack(0x000000d93d300000,0x000000d93d400000) (1024K)]
  0x000001d983335b80 JavaThread "Thread-0"                          [_thread_in_native, id=27936, stack(0x000000d93d400000,0x000000d93d500000) (1024K)]
  0x000001d9cb682830 JavaThread "C2 CompilerThread5"         daemon [_thread_blocked, id=24480, stack(0x000000d93d500000,0x000000d93d600000) (1024K)]
Total: 24

Other Threads:
  0x000001d98330b0b0 VMThread "VM Thread"                           [id=4728, stack(0x000000d93ad00000,0x000000d93ae00000) (1024K)]
  0x000001d982da82a0 WatcherThread "VM Periodic Task Thread"        [id=27824, stack(0x000000d93ac00000,0x000000d93ad00000) (1024K)]
  0x000001d9e7a0b060 WorkerThread "GC Thread#0"                     [id=30084, stack(0x000000d93a700000,0x000000d93a800000) (1024K)]
  0x000001d9caf3d240 WorkerThread "GC Thread#1"                     [id=30392, stack(0x000000d93c600000,0x000000d93c700000) (1024K)]
  0x000001d9caf3d9f0 WorkerThread "GC Thread#2"                     [id=29504, stack(0x000000d93c700000,0x000000d93c800000) (1024K)]
  0x000001d9caf3dd90 WorkerThread "GC Thread#3"                     [id=29824, stack(0x000000d93c800000,0x000000d93c900000) (1024K)]
  0x000001d9caf40950 WorkerThread "GC Thread#4"                     [id=11592, stack(0x000000d93c900000,0x000000d93ca00000) (1024K)]
  0x000001d9cafa3ff0 WorkerThread "GC Thread#5"                     [id=13104, stack(0x000000d93ca00000,0x000000d93cb00000) (1024K)]
  0x000001d9cafa4ad0 WorkerThread "GC Thread#6"                     [id=30544, stack(0x000000d93cb00000,0x000000d93cc00000) (1024K)]
  0x000001d9cafa5210 WorkerThread "GC Thread#7"                     [id=28320, stack(0x000000d93cc00000,0x000000d93cd00000) (1024K)]
  0x000001d9cafa38b0 WorkerThread "GC Thread#8"                     [id=20656, stack(0x000000d93cd00000,0x000000d93ce00000) (1024K)]
  0x000001d9cafa4e70 WorkerThread "GC Thread#9"                     [id=21624, stack(0x000000d93ce00000,0x000000d93cf00000) (1024K)]
  0x000001d9cafa4390 WorkerThread "GC Thread#10"                    [id=23832, stack(0x000000d93cf00000,0x000000d93d000000) (1024K)]
  0x000001d9e7a1e740 ConcurrentGCThread "G1 Main Marker"            [id=23188, stack(0x000000d93a800000,0x000000d93a900000) (1024K)]
  0x000001d9e7a1f140 WorkerThread "G1 Conc#0"                       [id=24324, stack(0x000000d93a900000,0x000000d93aa00000) (1024K)]
  0x000001d982c76c50 ConcurrentGCThread "G1 Refine#0"               [id=3240, stack(0x000000d93aa00000,0x000000d93ab00000) (1024K)]
  0x000001d982c78570 ConcurrentGCThread "G1 Service"                [id=32704, stack(0x000000d93ab00000,0x000000d93ac00000) (1024K)]
Total: 17

Threads with active compile tasks:
Total: 0

VM state: not at safepoint (normal execution)

VM Mutex/Monitor currently owned by a thread: None

Heap address: 0x000000070e200000, size: 3870 MB, Compressed Oops mode: Zero based, Oop shift amount: 3

CDS archive(s) mapped at: [0x000001d984000000-0x000001d984c80000-0x000001d984c80000), size 13107200, SharedBaseAddress: 0x000001d984000000, ArchiveRelocationMode: 1.
Compressed class space mapped at: 0x000001d985000000-0x000001d9c5000000, reserved size: 1073741824
Narrow klass base: 0x000001d984000000, Narrow klass shift: 0, Narrow klass range: 0x100000000

GC Precious Log:
 CardTable entry size: 512
 Card Set container configuration: InlinePtr #cards 4 size 8 Array Of Cards #cards 16 size 48 Howl #buckets 8 coarsen threshold 3686 Howl Bitmap #cards 512 size 80 coarsen threshold 460 Card regions per heap region 1 cards per card region 4096
 CPUs: 24 total, 24 available
 Memory: 15477M
 Large Page Support: Disabled
 NUMA Support: Disabled
 Compressed Oops: Enabled (Zero based)
 Heap Region Size: 2M
 Heap Min Capacity: 8M
 Heap Initial Capacity: 242M
 Heap Max Capacity: 3870M
 Pre-touch: Disabled
 Parallel Workers: 18
 Concurrent Workers: 5
 Concurrent Refinement Workers: 18
 Periodic GC: Disabled

Heap:
 garbage-first heap   total 247808K, used 25544K [0x000000070e200000, 0x0000000800000000)
  region size 2048K, 15 young (30720K), 2 survivors (4096K)
 Metaspace       used 8800K, committed 9088K, reserved 1114112K
  class space    used 655K, committed 768K, reserved 1048576K

Heap Regions: E=young(eden), S=young(survivor), O=old, HS=humongous(starts), HC=humongous(continues), CS=collection set, F=free, TAMS=top-at-mark-start, PB=parsable bottom
|   0|0x000000070e200000, 0x000000070e200000, 0x000000070e400000|  0%| F|  |TAMS 0x000000070e200000| PB 0x000000070e200000| Untracked 
|   1|0x000000070e400000, 0x000000070e400000, 0x000000070e600000|  0%| F|  |TAMS 0x000000070e400000| PB 0x000000070e400000| Untracked 
|   2|0x000000070e600000, 0x000000070e600000, 0x000000070e800000|  0%| F|  |TAMS 0x000000070e600000| PB 0x000000070e600000| Untracked 
|   3|0x000000070e800000, 0x000000070e800000, 0x000000070ea00000|  0%| F|  |TAMS 0x000000070e800000| PB 0x000000070e800000| Untracked 
|   4|0x000000070ea00000, 0x000000070ea00000, 0x000000070ec00000|  0%| F|  |TAMS 0x000000070ea00000| PB 0x000000070ea00000| Untracked 
|   5|0x000000070ec00000, 0x000000070ec00000, 0x000000070ee00000|  0%| F|  |TAMS 0x000000070ec00000| PB 0x000000070ec00000| Untracked 
|   6|0x000000070ee00000, 0x000000070ee00000, 0x000000070f000000|  0%| F|  |TAMS 0x000000070ee00000| PB 0x000000070ee00000| Untracked 
|   7|0x000000070f000000, 0x000000070f000000, 0x000000070f200000|  0%| F|  |TAMS 0x000000070f000000| PB 0x000000070f000000| Untracked 
|   8|0x000000070f200000, 0x000000070f200000, 0x000000070f400000|  0%| F|  |TAMS 0x000000070f200000| PB 0x000000070f200000| Untracked 
|   9|0x000000070f400000, 0x000000070f400000, 0x000000070f600000|  0%| F|  |TAMS 0x000000070f400000| PB 0x000000070f400000| Untracked 
|  10|0x000000070f600000, 0x000000070f600000, 0x000000070f800000|  0%| F|  |TAMS 0x000000070f600000| PB 0x000000070f600000| Untracked 
|  11|0x000000070f800000, 0x000000070f800000, 0x000000070fa00000|  0%| F|  |TAMS 0x000000070f800000| PB 0x000000070f800000| Untracked 
|  12|0x000000070fa00000, 0x000000070fa00000, 0x000000070fc00000|  0%| F|  |TAMS 0x000000070fa00000| PB 0x000000070fa00000| Untracked 
|  13|0x000000070fc00000, 0x000000070fc00000, 0x000000070fe00000|  0%| F|  |TAMS 0x000000070fc00000| PB 0x000000070fc00000| Untracked 
|  14|0x000000070fe00000, 0x000000070fe00000, 0x0000000710000000|  0%| F|  |TAMS 0x000000070fe00000| PB 0x000000070fe00000| Untracked 
|  15|0x0000000710000000, 0x0000000710000000, 0x0000000710200000|  0%| F|  |TAMS 0x0000000710000000| PB 0x0000000710000000| Untracked 
|  16|0x0000000710200000, 0x0000000710200000, 0x0000000710400000|  0%| F|  |TAMS 0x0000000710200000| PB 0x0000000710200000| Untracked 
|  17|0x0000000710400000, 0x0000000710400000, 0x0000000710600000|  0%| F|  |TAMS 0x0000000710400000| PB 0x0000000710400000| Untracked 
|  18|0x0000000710600000, 0x0000000710600000, 0x0000000710800000|  0%| F|  |TAMS 0x0000000710600000| PB 0x0000000710600000| Untracked 
|  19|0x0000000710800000, 0x0000000710800000, 0x0000000710a00000|  0%| F|  |TAMS 0x0000000710800000| PB 0x0000000710800000| Untracked 
|  20|0x0000000710a00000, 0x0000000710a00000, 0x0000000710c00000|  0%| F|  |TAMS 0x0000000710a00000| PB 0x0000000710a00000| Untracked 
|  21|0x0000000710c00000, 0x0000000710c00000, 0x0000000710e00000|  0%| F|  |TAMS 0x0000000710c00000| PB 0x0000000710c00000| Untracked 
|  22|0x0000000710e00000, 0x0000000710e00000, 0x0000000711000000|  0%| F|  |TAMS 0x0000000710e00000| PB 0x0000000710e00000| Untracked 
|  23|0x0000000711000000, 0x0000000711000000, 0x0000000711200000|  0%| F|  |TAMS 0x0000000711000000| PB 0x0000000711000000| Untracked 
|  24|0x0000000711200000, 0x0000000711200000, 0x0000000711400000|  0%| F|  |TAMS 0x0000000711200000| PB 0x0000000711200000| Untracked 
|  25|0x0000000711400000, 0x0000000711400000, 0x0000000711600000|  0%| F|  |TAMS 0x0000000711400000| PB 0x0000000711400000| Untracked 
|  26|0x0000000711600000, 0x0000000711600000, 0x0000000711800000|  0%| F|  |TAMS 0x0000000711600000| PB 0x0000000711600000| Untracked 
|  27|0x0000000711800000, 0x0000000711800000, 0x0000000711a00000|  0%| F|  |TAMS 0x0000000711800000| PB 0x0000000711800000| Untracked 
|  28|0x0000000711a00000, 0x0000000711a00000, 0x0000000711c00000|  0%| F|  |TAMS 0x0000000711a00000| PB 0x0000000711a00000| Untracked 
|  29|0x0000000711c00000, 0x0000000711c00000, 0x0000000711e00000|  0%| F|  |TAMS 0x0000000711c00000| PB 0x0000000711c00000| Untracked 
|  30|0x0000000711e00000, 0x0000000711e00000, 0x0000000712000000|  0%| F|  |TAMS 0x0000000711e00000| PB 0x0000000711e00000| Untracked 
|  31|0x0000000712000000, 0x0000000712000000, 0x0000000712200000|  0%| F|  |TAMS 0x0000000712000000| PB 0x0000000712000000| Untracked 
|  32|0x0000000712200000, 0x0000000712200000, 0x0000000712400000|  0%| F|  |TAMS 0x0000000712200000| PB 0x0000000712200000| Untracked 
|  33|0x0000000712400000, 0x0000000712400000, 0x0000000712600000|  0%| F|  |TAMS 0x0000000712400000| PB 0x0000000712400000| Untracked 
|  34|0x0000000712600000, 0x0000000712600000, 0x0000000712800000|  0%| F|  |TAMS 0x0000000712600000| PB 0x0000000712600000| Untracked 
|  35|0x0000000712800000, 0x0000000712800000, 0x0000000712a00000|  0%| F|  |TAMS 0x0000000712800000| PB 0x0000000712800000| Untracked 
|  36|0x0000000712a00000, 0x0000000712a00000, 0x0000000712c00000|  0%| F|  |TAMS 0x0000000712a00000| PB 0x0000000712a00000| Untracked 
|  37|0x0000000712c00000, 0x0000000712c00000, 0x0000000712e00000|  0%| F|  |TAMS 0x0000000712c00000| PB 0x0000000712c00000| Untracked 
|  38|0x0000000712e00000, 0x0000000712e00000, 0x0000000713000000|  0%| F|  |TAMS 0x0000000712e00000| PB 0x0000000712e00000| Untracked 
|  39|0x0000000713000000, 0x0000000713000000, 0x0000000713200000|  0%| F|  |TAMS 0x0000000713000000| PB 0x0000000713000000| Untracked 
|  40|0x0000000713200000, 0x0000000713200000, 0x0000000713400000|  0%| F|  |TAMS 0x0000000713200000| PB 0x0000000713200000| Untracked 
|  41|0x0000000713400000, 0x0000000713400000, 0x0000000713600000|  0%| F|  |TAMS 0x0000000713400000| PB 0x0000000713400000| Untracked 
|  42|0x0000000713600000, 0x0000000713600000, 0x0000000713800000|  0%| F|  |TAMS 0x0000000713600000| PB 0x0000000713600000| Untracked 
|  43|0x0000000713800000, 0x0000000713800000, 0x0000000713a00000|  0%| F|  |TAMS 0x0000000713800000| PB 0x0000000713800000| Untracked 
|  44|0x0000000713a00000, 0x0000000713a00000, 0x0000000713c00000|  0%| F|  |TAMS 0x0000000713a00000| PB 0x0000000713a00000| Untracked 
|  45|0x0000000713c00000, 0x0000000713c00000, 0x0000000713e00000|  0%| F|  |TAMS 0x0000000713c00000| PB 0x0000000713c00000| Untracked 
|  46|0x0000000713e00000, 0x0000000713e00000, 0x0000000714000000|  0%| F|  |TAMS 0x0000000713e00000| PB 0x0000000713e00000| Untracked 
|  47|0x0000000714000000, 0x0000000714000000, 0x0000000714200000|  0%| F|  |TAMS 0x0000000714000000| PB 0x0000000714000000| Untracked 
|  48|0x0000000714200000, 0x0000000714200000, 0x0000000714400000|  0%| F|  |TAMS 0x0000000714200000| PB 0x0000000714200000| Untracked 
|  49|0x0000000714400000, 0x0000000714400000, 0x0000000714600000|  0%| F|  |TAMS 0x0000000714400000| PB 0x0000000714400000| Untracked 
|  50|0x0000000714600000, 0x0000000714600000, 0x0000000714800000|  0%| F|  |TAMS 0x0000000714600000| PB 0x0000000714600000| Untracked 
|  51|0x0000000714800000, 0x0000000714800000, 0x0000000714a00000|  0%| F|  |TAMS 0x0000000714800000| PB 0x0000000714800000| Untracked 
|  52|0x0000000714a00000, 0x0000000714a00000, 0x0000000714c00000|  0%| F|  |TAMS 0x0000000714a00000| PB 0x0000000714a00000| Untracked 
|  53|0x0000000714c00000, 0x0000000714c00000, 0x0000000714e00000|  0%| F|  |TAMS 0x0000000714c00000| PB 0x0000000714c00000| Untracked 
|  54|0x0000000714e00000, 0x0000000714e00000, 0x0000000715000000|  0%| F|  |TAMS 0x0000000714e00000| PB 0x0000000714e00000| Untracked 
|  55|0x0000000715000000, 0x0000000715000000, 0x0000000715200000|  0%| F|  |TAMS 0x0000000715000000| PB 0x0000000715000000| Untracked 
|  56|0x0000000715200000, 0x0000000715200000, 0x0000000715400000|  0%| F|  |TAMS 0x0000000715200000| PB 0x0000000715200000| Untracked 
|  57|0x0000000715400000, 0x0000000715400000, 0x0000000715600000|  0%| F|  |TAMS 0x0000000715400000| PB 0x0000000715400000| Untracked 
|  58|0x0000000715600000, 0x0000000715600000, 0x0000000715800000|  0%| F|  |TAMS 0x0000000715600000| PB 0x0000000715600000| Untracked 
|  59|0x0000000715800000, 0x0000000715800000, 0x0000000715a00000|  0%| F|  |TAMS 0x0000000715800000| PB 0x0000000715800000| Untracked 
|  60|0x0000000715a00000, 0x0000000715a00000, 0x0000000715c00000|  0%| F|  |TAMS 0x0000000715a00000| PB 0x0000000715a00000| Untracked 
|  61|0x0000000715c00000, 0x0000000715c00000, 0x0000000715e00000|  0%| F|  |TAMS 0x0000000715c00000| PB 0x0000000715c00000| Untracked 
|  62|0x0000000715e00000, 0x0000000715e00000, 0x0000000716000000|  0%| F|  |TAMS 0x0000000715e00000| PB 0x0000000715e00000| Untracked 
|  63|0x0000000716000000, 0x0000000716000000, 0x0000000716200000|  0%| F|  |TAMS 0x0000000716000000| PB 0x0000000716000000| Untracked 
|  64|0x0000000716200000, 0x0000000716200000, 0x0000000716400000|  0%| F|  |TAMS 0x0000000716200000| PB 0x0000000716200000| Untracked 
|  65|0x0000000716400000, 0x0000000716400000, 0x0000000716600000|  0%| F|  |TAMS 0x0000000716400000| PB 0x0000000716400000| Untracked 
|  66|0x0000000716600000, 0x0000000716600000, 0x0000000716800000|  0%| F|  |TAMS 0x0000000716600000| PB 0x0000000716600000| Untracked 
|  67|0x0000000716800000, 0x0000000716800000, 0x0000000716a00000|  0%| F|  |TAMS 0x0000000716800000| PB 0x0000000716800000| Untracked 
|  68|0x0000000716a00000, 0x0000000716a00000, 0x0000000716c00000|  0%| F|  |TAMS 0x0000000716a00000| PB 0x0000000716a00000| Untracked 
|  69|0x0000000716c00000, 0x0000000716c00000, 0x0000000716e00000|  0%| F|  |TAMS 0x0000000716c00000| PB 0x0000000716c00000| Untracked 
|  70|0x0000000716e00000, 0x0000000716e00000, 0x0000000717000000|  0%| F|  |TAMS 0x0000000716e00000| PB 0x0000000716e00000| Untracked 
|  71|0x0000000717000000, 0x0000000717000000, 0x0000000717200000|  0%| F|  |TAMS 0x0000000717000000| PB 0x0000000717000000| Untracked 
|  72|0x0000000717200000, 0x0000000717200000, 0x0000000717400000|  0%| F|  |TAMS 0x0000000717200000| PB 0x0000000717200000| Untracked 
|  73|0x0000000717400000, 0x0000000717400000, 0x0000000717600000|  0%| F|  |TAMS 0x0000000717400000| PB 0x0000000717400000| Untracked 
|  74|0x0000000717600000, 0x0000000717600000, 0x0000000717800000|  0%| F|  |TAMS 0x0000000717600000| PB 0x0000000717600000| Untracked 
|  75|0x0000000717800000, 0x0000000717800000, 0x0000000717a00000|  0%| F|  |TAMS 0x0000000717800000| PB 0x0000000717800000| Untracked 
|  76|0x0000000717a00000, 0x0000000717a00000, 0x0000000717c00000|  0%| F|  |TAMS 0x0000000717a00000| PB 0x0000000717a00000| Untracked 
|  77|0x0000000717c00000, 0x0000000717c00000, 0x0000000717e00000|  0%| F|  |TAMS 0x0000000717c00000| PB 0x0000000717c00000| Untracked 
|  78|0x0000000717e00000, 0x0000000717e00000, 0x0000000718000000|  0%| F|  |TAMS 0x0000000717e00000| PB 0x0000000717e00000| Untracked 
|  79|0x0000000718000000, 0x0000000718000000, 0x0000000718200000|  0%| F|  |TAMS 0x0000000718000000| PB 0x0000000718000000| Untracked 
|  80|0x0000000718200000, 0x0000000718200000, 0x0000000718400000|  0%| F|  |TAMS 0x0000000718200000| PB 0x0000000718200000| Untracked 
|  81|0x0000000718400000, 0x0000000718400000, 0x0000000718600000|  0%| F|  |TAMS 0x0000000718400000| PB 0x0000000718400000| Untracked 
|  82|0x0000000718600000, 0x0000000718600000, 0x0000000718800000|  0%| F|  |TAMS 0x0000000718600000| PB 0x0000000718600000| Untracked 
|  83|0x0000000718800000, 0x0000000718800000, 0x0000000718a00000|  0%| F|  |TAMS 0x0000000718800000| PB 0x0000000718800000| Untracked 
|  84|0x0000000718a00000, 0x0000000718a00000, 0x0000000718c00000|  0%| F|  |TAMS 0x0000000718a00000| PB 0x0000000718a00000| Untracked 
|  85|0x0000000718c00000, 0x0000000718c00000, 0x0000000718e00000|  0%| F|  |TAMS 0x0000000718c00000| PB 0x0000000718c00000| Untracked 
|  86|0x0000000718e00000, 0x0000000718e00000, 0x0000000719000000|  0%| F|  |TAMS 0x0000000718e00000| PB 0x0000000718e00000| Untracked 
|  87|0x0000000719000000, 0x0000000719000000, 0x0000000719200000|  0%| F|  |TAMS 0x0000000719000000| PB 0x0000000719000000| Untracked 
|  88|0x0000000719200000, 0x0000000719200000, 0x0000000719400000|  0%| F|  |TAMS 0x0000000719200000| PB 0x0000000719200000| Untracked 
|  89|0x0000000719400000, 0x0000000719400000, 0x0000000719600000|  0%| F|  |TAMS 0x0000000719400000| PB 0x0000000719400000| Untracked 
|  90|0x0000000719600000, 0x0000000719600000, 0x0000000719800000|  0%| F|  |TAMS 0x0000000719600000| PB 0x0000000719600000| Untracked 
|  91|0x0000000719800000, 0x0000000719800000, 0x0000000719a00000|  0%| F|  |TAMS 0x0000000719800000| PB 0x0000000719800000| Untracked 
|  92|0x0000000719a00000, 0x0000000719a00000, 0x0000000719c00000|  0%| F|  |TAMS 0x0000000719a00000| PB 0x0000000719a00000| Untracked 
|  93|0x0000000719c00000, 0x0000000719c00000, 0x0000000719e00000|  0%| F|  |TAMS 0x0000000719c00000| PB 0x0000000719c00000| Untracked 
|  94|0x0000000719e00000, 0x0000000719e00000, 0x000000071a000000|  0%| F|  |TAMS 0x0000000719e00000| PB 0x0000000719e00000| Untracked 
|  95|0x000000071a000000, 0x000000071a000000, 0x000000071a200000|  0%| F|  |TAMS 0x000000071a000000| PB 0x000000071a000000| Untracked 
|  96|0x000000071a200000, 0x000000071a200000, 0x000000071a400000|  0%| F|  |TAMS 0x000000071a200000| PB 0x000000071a200000| Untracked 
|  97|0x000000071a400000, 0x000000071a400000, 0x000000071a600000|  0%| F|  |TAMS 0x000000071a400000| PB 0x000000071a400000| Untracked 
|  98|0x000000071a600000, 0x000000071a600000, 0x000000071a800000|  0%| F|  |TAMS 0x000000071a600000| PB 0x000000071a600000| Untracked 
|  99|0x000000071a800000, 0x000000071a800000, 0x000000071aa00000|  0%| F|  |TAMS 0x000000071a800000| PB 0x000000071a800000| Untracked 
| 100|0x000000071aa00000, 0x000000071aa00000, 0x000000071ac00000|  0%| F|  |TAMS 0x000000071aa00000| PB 0x000000071aa00000| Untracked 
| 101|0x000000071ac00000, 0x000000071ac00000, 0x000000071ae00000|  0%| F|  |TAMS 0x000000071ac00000| PB 0x000000071ac00000| Untracked 
| 102|0x000000071ae00000, 0x000000071ae00000, 0x000000071b000000|  0%| F|  |TAMS 0x000000071ae00000| PB 0x000000071ae00000| Untracked 
| 103|0x000000071b000000, 0x000000071b000000, 0x000000071b200000|  0%| F|  |TAMS 0x000000071b000000| PB 0x000000071b000000| Untracked 
| 104|0x000000071b200000, 0x000000071b200000, 0x000000071b400000|  0%| F|  |TAMS 0x000000071b200000| PB 0x000000071b200000| Untracked 
| 105|0x000000071b400000, 0x000000071b400000, 0x000000071b600000|  0%| F|  |TAMS 0x000000071b400000| PB 0x000000071b400000| Untracked 
| 106|0x000000071b600000, 0x000000071b69baf0, 0x000000071b800000| 30%| E|  |TAMS 0x000000071b600000| PB 0x000000071b600000| Complete 
| 107|0x000000071b800000, 0x000000071ba00000, 0x000000071ba00000|100%| E|CS|TAMS 0x000000071b800000| PB 0x000000071b800000| Complete 
| 108|0x000000071ba00000, 0x000000071baf20e0, 0x000000071bc00000| 47%| S|CS|TAMS 0x000000071ba00000| PB 0x000000071ba00000| Complete 
| 109|0x000000071bc00000, 0x000000071be00000, 0x000000071be00000|100%| S|CS|TAMS 0x000000071bc00000| PB 0x000000071bc00000| Complete 
| 110|0x000000071be00000, 0x000000071c000000, 0x000000071c000000|100%| E|CS|TAMS 0x000000071be00000| PB 0x000000071be00000| Complete 
| 111|0x000000071c000000, 0x000000071c200000, 0x000000071c200000|100%| E|CS|TAMS 0x000000071c000000| PB 0x000000071c000000| Complete 
| 112|0x000000071c200000, 0x000000071c400000, 0x000000071c400000|100%| E|CS|TAMS 0x000000071c200000| PB 0x000000071c200000| Complete 
| 113|0x000000071c400000, 0x000000071c600000, 0x000000071c600000|100%| E|CS|TAMS 0x000000071c400000| PB 0x000000071c400000| Complete 
| 114|0x000000071c600000, 0x000000071c800000, 0x000000071c800000|100%| E|  |TAMS 0x000000071c600000| PB 0x000000071c600000| Complete 
| 115|0x000000071c800000, 0x000000071ca00000, 0x000000071ca00000|100%| E|CS|TAMS 0x000000071c800000| PB 0x000000071c800000| Complete 
| 116|0x000000071ca00000, 0x000000071cc00000, 0x000000071cc00000|100%| E|CS|TAMS 0x000000071ca00000| PB 0x000000071ca00000| Complete 
| 117|0x000000071cc00000, 0x000000071ce00000, 0x000000071ce00000|100%| E|CS|TAMS 0x000000071cc00000| PB 0x000000071cc00000| Complete 
| 118|0x000000071ce00000, 0x000000071d000000, 0x000000071d000000|100%| E|CS|TAMS 0x000000071ce00000| PB 0x000000071ce00000| Complete 
| 119|0x000000071d000000, 0x000000071d200000, 0x000000071d200000|100%| E|CS|TAMS 0x000000071d000000| PB 0x000000071d000000| Complete 
| 120|0x000000071d200000, 0x000000071d400000, 0x000000071d400000|100%| E|CS|TAMS 0x000000071d200000| PB 0x000000071d200000| Complete 

Card table byte_map: [0x000001d9fb8a0000,0x000001d9fc030000] _byte_map_base: 0x000001d9f802f000

Marking Bits: (CMBitMap*) 0x000001d9e7a0d670
 Bits: [0x000001d9fc030000, 0x000001d9ffca8000)

Polling page: 0x000001d9e5b70000

Metaspace:

Usage:
  Non-class:      7.95 MB used.
      Class:    655.25 KB used.
       Both:      8.59 MB used.

Virtual space:
  Non-class space:       64.00 MB reserved,       8.12 MB ( 13%) committed,  1 nodes.
      Class space:        1.00 GB reserved,     768.00 KB ( <1%) committed,  1 nodes.
             Both:        1.06 GB reserved,       8.88 MB ( <1%) committed. 

Chunk freelists:
   Non-Class:  7.72 MB
       Class:  15.13 MB
        Both:  22.85 MB

MaxMetaspaceSize: unlimited
CompressedClassSpaceSize: 1.00 GB
Initial GC threshold: 21.00 MB
Current GC threshold: 21.00 MB
CDS: on
 - commit_granule_bytes: 65536.
 - commit_granule_words: 8192.
 - virtual_space_node_default_size: 8388608.
 - enlarge_chunks_in_place: 1.
 - use_allocation_guard: 0.


Internal statistics:

num_allocs_failed_limit: 0.
num_arena_births: 190.
num_arena_deaths: 0.
num_vsnodes_births: 2.
num_vsnodes_deaths: 0.
num_space_committed: 140.
num_space_uncommitted: 0.
num_chunks_returned_to_freelist: 0.
num_chunks_taken_from_freelist: 350.
num_chunk_merges: 0.
num_chunk_splits: 237.
num_chunks_enlarged: 148.
num_inconsistent_stats: 0.

CodeHeap 'non-profiled nmethods': size=119168Kb used=664Kb max_used=664Kb free=118503Kb
 bounds [0x000001d9f2ee0000, 0x000001d9f3150000, 0x000001d9fa340000]
CodeHeap 'profiled nmethods': size=119104Kb used=2755Kb max_used=2755Kb free=116348Kb
 bounds [0x000001d9eb340000, 0x000001d9eb600000, 0x000001d9f2790000]
CodeHeap 'non-nmethods': size=7488Kb used=4011Kb max_used=4056Kb free=3476Kb
 bounds [0x000001d9f2790000, 0x000001d9f2ba0000, 0x000001d9f2ee0000]
CodeCache: size=245760Kb, used=7430Kb, max_used=7475Kb, free=238327Kb
 total_blobs=2751, nmethods=1621, adapters=1032, full_count=0
Compilation: enabled, stopped_count=0, restarted_count=0

Compilation events (20 events):
Event: 0.724 Thread 0x000001d9834c5bf0 1607       3       jdk.internal.org.objectweb.asm.AnnotationVisitor::<init> (78 bytes)
Event: 0.724 Thread 0x000001d9834181c0 nmethod 1606 0x000001d9eb5e9c90 code [0x000001d9eb5e9e40, 0x000001d9eb5e9fa0]
Event: 0.724 Thread 0x000001d983347060 nmethod 1598 0x000001d9eb5ea090 code [0x000001d9eb5ea440, 0x000001d9eb5eb680]
Event: 0.724 Thread 0x000001d9834181c0 1608       3       jdk.internal.org.objectweb.asm.AnnotationWriter::visitEnd (44 bytes)
Event: 0.724 Thread 0x000001d9cba2e780 1577       4       java.lang.StringLatin1::indexOf (121 bytes)
Event: 0.724 Thread 0x000001d9834181c0 nmethod 1608 0x000001d9eb5ebc10 code [0x000001d9eb5ebdc0, 0x000001d9eb5ebf68]
Event: 0.724 Thread 0x000001d9834c5bf0 nmethod 1607 0x000001d9eb5ec090 code [0x000001d9eb5ec2e0, 0x000001d9eb5eca98]
Event: 0.724 Thread 0x000001d983347060 1612       3       java.lang.invoke.MethodHandles$Lookup::checkSecurityManager (97 bytes)
Event: 0.725 Thread 0x000001d983347060 nmethod 1612 0x000001d9eb5ecd90 code [0x000001d9eb5ecfa0, 0x000001d9eb5ed4b0]
Event: 0.725 Thread 0x000001d9cb682830 nmethod 1565 0x000001d9f2f67f10 code [0x000001d9f2f680e0, 0x000001d9f2f68758]
Event: 0.725 Thread 0x000001d9cb682830 1555       4       java.util.stream.AbstractPipeline::sourceStageSpliterator (112 bytes)
Event: 0.725 Thread 0x000001d983347060 1616       3       java.lang.invoke.InvokerBytecodeGenerator::storeInsnOpcode (98 bytes)
Event: 0.725 Thread 0x000001d9834181c0 1617       3       jdk.internal.org.objectweb.asm.MethodWriter::visitFieldInsn (258 bytes)
Event: 0.725 Thread 0x000001d982da8fc0 1618       3       jdk.internal.org.objectweb.asm.SymbolTable::addConstantFieldref (10 bytes)
Event: 0.726 Thread 0x000001d9cb682830 nmethod 1555 0x000001d9f2f69310 code [0x000001d9f2f694a0, 0x000001d9f2f69618]
Event: 0.726 Thread 0x000001d982da8fc0 nmethod 1618 0x000001d9eb5ed690 code [0x000001d9eb5ed840, 0x000001d9eb5ed9b0]
Event: 0.726 Thread 0x000001d9cb682830 1556       4       java.util.stream.IntPipeline::adapt (35 bytes)
Event: 0.726 Thread 0x000001d983347060 nmethod 1616 0x000001d9eb5eda90 code [0x000001d9eb5edd00, 0x000001d9eb5ee668]
Event: 0.726 Thread 0x000001d9834181c0 nmethod 1617 0x000001d9eb5ee990 code [0x000001d9eb5eec00, 0x000001d9eb5ef760]
Event: 0.727 Thread 0x000001d9cb682830 nmethod 1556 0x000001d9f2f69d10 code [0x000001d9f2f69ea0, 0x000001d9f2f69f40]

GC Heap History (2 events):
Event: 0.610 GC heap before
{Heap before GC invocations=0 (full 0):
 garbage-first heap   total 247808K, used 22528K [0x000000070e200000, 0x0000000800000000)
  region size 2048K, 11 young (22528K), 0 survivors (0K)
 Metaspace       used 5953K, committed 6208K, reserved 1114112K
  class space    used 459K, committed 576K, reserved 1048576K
}
Event: 0.612 GC heap after
{Heap after GC invocations=1 (full 0):
 garbage-first heap   total 247808K, used 3016K [0x000000070e200000, 0x0000000800000000)
  region size 2048K, 2 young (4096K), 2 survivors (4096K)
 Metaspace       used 5953K, committed 6208K, reserved 1114112K
  class space    used 459K, committed 576K, reserved 1048576K
}

Dll operation events (11 events):
Event: 0.005 Loaded shared library C:\ManuallyInstalledPrograms\Eclipse\Java\plugins\org.eclipse.justj.openjdk.hotspot.jre.full.win32.x86_64_21.0.9.v20251105-0741\jre\bin\java.dll
Event: 0.018 Loaded shared library C:\ManuallyInstalledPrograms\Eclipse\Java\plugins\org.eclipse.justj.openjdk.hotspot.jre.full.win32.x86_64_21.0.9.v20251105-0741\jre\bin\zip.dll
Event: 0.103 Loaded shared library C:\ManuallyInstalledPrograms\Eclipse\Java\plugins\org.eclipse.justj.openjdk.hotspot.jre.full.win32.x86_64_21.0.9.v20251105-0741\jre\bin\instrument.dll
Event: 0.106 Loaded shared library C:\ManuallyInstalledPrograms\Eclipse\Java\plugins\org.eclipse.justj.openjdk.hotspot.jre.full.win32.x86_64_21.0.9.v20251105-0741\jre\bin\net.dll
Event: 0.107 Loaded shared library C:\ManuallyInstalledPrograms\Eclipse\Java\plugins\org.eclipse.justj.openjdk.hotspot.jre.full.win32.x86_64_21.0.9.v20251105-0741\jre\bin\nio.dll
Event: 0.109 Loaded shared library C:\ManuallyInstalledPrograms\Eclipse\Java\plugins\org.eclipse.justj.openjdk.hotspot.jre.full.win32.x86_64_21.0.9.v20251105-0741\jre\bin\zip.dll
Event: 0.160 Loaded shared library C:\ManuallyInstalledPrograms\Eclipse\Java\plugins\org.eclipse.justj.openjdk.hotspot.jre.full.win32.x86_64_21.0.9.v20251105-0741\jre\bin\jimage.dll
Event: 0.184 Loaded shared library C:\ManuallyInstalledPrograms\Eclipse\Java\plugins\org.eclipse.justj.openjdk.hotspot.jre.full.win32.x86_64_21.0.9.v20251105-0741\jre\bin\verify.dll
Event: 0.237 Loaded shared library C:\Users\mudki\AppData\Local\Temp\lwjgl_mudki\3.3.6+1\x64\lwjgl.dll
Event: 0.438 Loaded shared library C:\Users\mudki\AppData\Local\Temp\lwjgl_mudki\3.3.6+1\x64\lwjgl_opengl.dll
Event: 0.602 Loaded shared library C:\ManuallyInstalledPrograms\Eclipse\Java\plugins\org.eclipse.justj.openjdk.hotspot.jre.full.win32.x86_64_21.0.9.v20251105-0741\jre\bin\awt.dll

Deoptimization events (20 events):
Event: 0.679 Thread 0x000001d9e799e610 DEOPT PACKING pc=0x000001d9eb5949e4 sp=0x000000d93a6fc160
Event: 0.679 Thread 0x000001d9e799e610 DEOPT UNPACKING pc=0x000001d9f27e86e2 sp=0x000000d93a6fb608 mode 1
Event: 0.679 Thread 0x000001d9e799e610 DEOPT PACKING pc=0x000001d9eb595c69 sp=0x000000d93a6fc0d0
Event: 0.679 Thread 0x000001d9e799e610 DEOPT UNPACKING pc=0x000001d9f27e86e2 sp=0x000000d93a6fb528 mode 1
Event: 0.679 Thread 0x000001d9e799e610 DEOPT PACKING pc=0x000001d9eb5949e4 sp=0x000000d93a6fc160
Event: 0.679 Thread 0x000001d9e799e610 DEOPT UNPACKING pc=0x000001d9f27e86e2 sp=0x000000d93a6fb608 mode 1
Event: 0.679 Thread 0x000001d9e799e610 DEOPT PACKING pc=0x000001d9eb595c69 sp=0x000000d93a6fc0d0
Event: 0.679 Thread 0x000001d9e799e610 DEOPT UNPACKING pc=0x000001d9f27e86e2 sp=0x000000d93a6fb528 mode 1
Event: 0.679 Thread 0x000001d9e799e610 DEOPT PACKING pc=0x000001d9eb5949e4 sp=0x000000d93a6fc160
Event: 0.679 Thread 0x000001d9e799e610 DEOPT UNPACKING pc=0x000001d9f27e86e2 sp=0x000000d93a6fb608 mode 1
Event: 0.721 Thread 0x000001d9e799e610 DEOPT PACKING pc=0x000001d9eb410451 sp=0x000000d93a6fe090
Event: 0.721 Thread 0x000001d9e799e610 DEOPT UNPACKING pc=0x000001d9f27e86e2 sp=0x000000d93a6fd4f0 mode 0
Event: 0.724 Thread 0x000001d9e799e610 Uncommon trap: trap_request=0xffffffde fr.pc=0x000001d9f2f61378 relative=0x0000000000000058
Event: 0.724 Thread 0x000001d9e799e610 Uncommon trap: reason=class_check action=maybe_recompile pc=0x000001d9f2f61378 method=java.util.stream.StreamOpFlag.fromCharacteristics(Ljava/util/Spliterator;)I @ 1 c2
Event: 0.724 Thread 0x000001d9e799e610 DEOPT PACKING pc=0x000001d9f2f61378 sp=0x000000d93a6fef60
Event: 0.724 Thread 0x000001d9e799e610 DEOPT UNPACKING pc=0x000001d9f27e7ba2 sp=0x000000d93a6feef8 mode 2
Event: 0.726 Thread 0x000001d9e799e610 Uncommon trap: trap_request=0xffffffde fr.pc=0x000001d9f2f61378 relative=0x0000000000000058
Event: 0.726 Thread 0x000001d9e799e610 Uncommon trap: reason=class_check action=maybe_recompile pc=0x000001d9f2f61378 method=java.util.stream.StreamOpFlag.fromCharacteristics(Ljava/util/Spliterator;)I @ 1 c2
Event: 0.726 Thread 0x000001d9e799e610 DEOPT PACKING pc=0x000001d9f2f61378 sp=0x000000d93a6fef60
Event: 0.726 Thread 0x000001d9e799e610 DEOPT UNPACKING pc=0x000001d9f27e7ba2 sp=0x000000d93a6feef8 mode 2

Classes loaded (20 events):
Event: 0.708 Loading class java/util/stream/IntPipeline$Head
Event: 0.708 Loading class java/util/stream/IntPipeline
Event: 0.708 Loading class java/util/stream/IntStream
Event: 0.708 Loading class java/util/stream/IntStream done
Event: 0.708 Loading class java/util/stream/IntPipeline done
Event: 0.708 Loading class java/util/stream/IntPipeline$Head done
Event: 0.723 Loading class java/lang/StringLatin1$LinesSpliterator
Event: 0.724 Loading class java/lang/StringLatin1$LinesSpliterator done
Event: 0.724 Loading class java/util/ImmutableCollections$Access
Event: 0.724 Loading class java/util/ImmutableCollections$Access done
Event: 0.724 Loading class java/util/ImmutableCollections$Access$1
Event: 0.724 Loading class jdk/internal/access/JavaUtilCollectionAccess
Event: 0.724 Loading class jdk/internal/access/JavaUtilCollectionAccess done
Event: 0.724 Loading class java/util/ImmutableCollections$Access$1 done
Event: 0.725 Loading class java/util/stream/Nodes$SpinedNodeBuilder
Event: 0.725 Loading class java/util/stream/SpinedBuffer
Event: 0.725 Loading class java/util/stream/AbstractSpinedBuffer
Event: 0.725 Loading class java/util/stream/AbstractSpinedBuffer done
Event: 0.725 Loading class java/util/stream/SpinedBuffer done
Event: 0.725 Loading class java/util/stream/Nodes$SpinedNodeBuilder done

Classes unloaded (0 events):
No events

Classes redefined (0 events):
No events

Internal exceptions (20 events):
Event: 0.435 Thread 0x000001d9e799e610 Exception <a 'java/lang/NoSuchMethodError'{0x000000071c361a08}: 'void java.lang.System.loadLibrary(java.lang.String, java.lang.Class)'> (0x000000071c361a08) 
thrown [s\src\hotspot\share\interpreter\linkResolver.cpp, line 773]
Event: 0.437 Thread 0x000001d9e799e610 Exception <a 'sun/nio/fs/WindowsException'{0x000000071c371d30}> (0x000000071c371d30) 
thrown [s\src\hotspot\share\prims\jni.cpp, line 520]
Event: 0.437 Thread 0x000001d9e799e610 Exception <a 'sun/nio/fs/WindowsException'{0x000000071c3720d0}> (0x000000071c3720d0) 
thrown [s\src\hotspot\share\prims\jni.cpp, line 520]
Event: 0.440 Thread 0x000001d9e799e610 Exception <a 'sun/nio/fs/WindowsException'{0x000000071c385ba8}> (0x000000071c385ba8) 
thrown [s\src\hotspot\share\prims\jni.cpp, line 520]
Event: 0.440 Thread 0x000001d9e799e610 Exception <a 'sun/nio/fs/WindowsException'{0x000000071c385e78}> (0x000000071c385e78) 
thrown [s\src\hotspot\share\prims\jni.cpp, line 520]
Event: 0.599 Thread 0x000001d9e799e610 Exception <a 'java/lang/ClassNotFoundException'{0x000000071bf69578}: sun/awt/resources/spi/awtProvider> (0x000000071bf69578) 
thrown [s\src\hotspot\share\classfile\systemDictionary.cpp, line 312]
Event: 0.606 Thread 0x000001d9e799e610 Exception <a 'java/io/FileNotFoundException'{0x000000071bfbb530}> (0x000000071bfbb530) 
thrown [s\src\hotspot\share\prims\jni.cpp, line 520]
Event: 0.608 Thread 0x000001d9e799e610 Exception <a 'java/io/FileNotFoundException'{0x000000071bfe6d08}> (0x000000071bfe6d08) 
thrown [s\src\hotspot\share\prims\jni.cpp, line 520]
Event: 0.619 Thread 0x000001d9e799e610 Exception <a 'java/lang/NoSuchMethodError'{0x000000071d26c748}: 'java.lang.Object java.lang.invoke.DirectMethodHandle$Holder.invokeStaticInit(java.lang.Object, int, int, int, int)'> (0x000000071d26c748) 
thrown [s\src\hotspot\share\interpreter\linkResolver.cpp, line 773]
Event: 0.625 Thread 0x000001d9e799e610 Exception <a 'java/lang/NoSuchMethodError'{0x000000071d2e20e8}: 'java.lang.Object java.lang.invoke.DirectMethodHandle$Holder.invokeStaticInit(java.lang.Object, java.lang.Object, int, int, int, int)'> (0x000000071d2e20e8) 
thrown [s\src\hotspot\share\interpreter\linkResolver.cpp, line 773]
Event: 0.684 Thread 0x000001d9e799e610 Exception <a 'java/lang/NoSuchMethodError'{0x000000071c847200}: 'void java.lang.invoke.DirectMethodHandle$Holder.invokeInterface(java.lang.Object, java.lang.Object)'> (0x000000071c847200) 
thrown [s\src\hotspot\share\interpreter\linkResolver.cpp, line 773]
Event: 0.684 Thread 0x000001d9e799e610 Exception <a 'java/lang/NoSuchMethodError'{0x000000071c852da8}: 'java.lang.Object java.lang.invoke.DirectMethodHandle$Holder.invokeInterface(java.lang.Object, java.lang.Object, java.lang.Object, java.lang.Object)'> (0x000000071c852da8) 
thrown [s\src\hotspot\share\interpreter\linkResolver.cpp, line 773]
Event: 0.685 Thread 0x000001d9e799e610 Exception <a 'java/lang/NoSuchMethodError'{0x000000071c85fb00}: 'void java.lang.invoke.DirectMethodHandle$Holder.invokeStaticInit(java.lang.Object, java.lang.Object)'> (0x000000071c85fb00) 
thrown [s\src\hotspot\share\interpreter\linkResolver.cpp, line 773]
Event: 0.686 Thread 0x000001d9e799e610 Exception <a 'java/lang/NoSuchMethodError'{0x000000071c86ac48}: 'java.lang.Object java.lang.invoke.DirectMethodHandle$Holder.invokeStaticInit(java.lang.Object, java.lang.Object, java.lang.Object, java.lang.Object)'> (0x000000071c86ac48) 
thrown [s\src\hotspot\share\interpreter\linkResolver.cpp, line 773]
Event: 0.687 Thread 0x000001d9e799e610 Exception <a 'java/lang/IncompatibleClassChangeError'{0x000000071c86fd48}: Found class java.lang.Object, but interface was expected> (0x000000071c86fd48) 
thrown [s\src\hotspot\share\interpreter\linkResolver.cpp, line 840]
Event: 0.709 Thread 0x000001d983335b80 Exception <a 'java/lang/NoSuchMethodError'{0x000000071c617ef0}: 'java.lang.Object java.lang.invoke.DirectMethodHandle$Holder.newInvokeSpecial(java.lang.Object, java.lang.Object, java.lang.Object, int)'> (0x000000071c617ef0) 
thrown [s\src\hotspot\share\interpreter\linkResolver.cpp, line 773]
Event: 0.709 Thread 0x000001d983335b80 Exception <a 'java/lang/NoSuchMethodError'{0x000000071c61be48}: 'java.lang.Object java.lang.invoke.DirectMethodHandle$Holder.invokeSpecial(java.lang.Object, java.lang.Object, java.lang.Object, java.lang.Object, int)'> (0x000000071c61be48) 
thrown [s\src\hotspot\share\interpreter\linkResolver.cpp, line 773]
Event: 0.709 Thread 0x000001d983335b80 Exception <a 'java/lang/NoSuchMethodError'{0x000000071c61f500}: 'java.lang.Object java.lang.invoke.Invokers$Holder.linkToTargetMethod(java.lang.Object, java.lang.Object, int, java.lang.Object)'> (0x000000071c61f500) 
thrown [s\src\hotspot\share\interpreter\linkResolver.cpp, line 773]
Event: 0.720 Thread 0x000001d9e799e610 Exception <a 'java/lang/NoSuchMethodError'{0x000000071c789dd0}: 'void java.lang.invoke.DirectMethodHandle$Holder.invokeSpecial(java.lang.Object, java.lang.Object, int, java.lang.Object)'> (0x000000071c789dd0) 
thrown [s\src\hotspot\share\interpreter\linkResolver.cpp, line 773]
Event: 0.723 Thread 0x000001d9e799e610 Exception <a 'java/lang/NoSuchMethodError'{0x000000071c5e3aa8}: 'java.lang.Object java.lang.invoke.DirectMethodHandle$Holder.invokeSpecial(java.lang.Object, java.lang.Object, double, double)'> (0x000000071c5e3aa8) 
thrown [s\src\hotspot\share\interpreter\linkResolver.cpp, line 773]

ZGC Phase Switch (0 events):
No events

VM Operations (12 events):
Event: 0.095 Executing VM operation: ChangeBreakpoints
Event: 0.095 Executing VM operation: ChangeBreakpoints done
Event: 0.234 Executing VM operation: HandshakeAllThreads (Deoptimize)
Event: 0.234 Executing VM operation: HandshakeAllThreads (Deoptimize) done
Event: 0.240 Executing VM operation: HandshakeAllThreads (Deoptimize)
Event: 0.240 Executing VM operation: HandshakeAllThreads (Deoptimize) done
Event: 0.594 Executing VM operation: HandshakeAllThreads (Deoptimize)
Event: 0.595 Executing VM operation: HandshakeAllThreads (Deoptimize) done
Event: 0.597 Executing VM operation: HandshakeAllThreads (Deoptimize)
Event: 0.597 Executing VM operation: HandshakeAllThreads (Deoptimize) done
Event: 0.610 Executing VM operation: G1CollectForAllocation (G1 Evacuation Pause)
Event: 0.612 Executing VM operation: G1CollectForAllocation (G1 Evacuation Pause) done

Memory protections (0 events):
No events

Nmethod flushes (0 events):
No events

Events (20 events):
Event: 0.019 Thread 0x000001d9e799e610 Thread added: 0x000001d9833354f0
Event: 0.019 Thread 0x000001d9e799e610 Thread added: 0x000001d983349320
Event: 0.019 Thread 0x000001d9e799e610 Thread added: 0x000001d983347060
Event: 0.021 Thread 0x000001d983347060 Thread added: 0x000001d9834181c0
Event: 0.037 Thread 0x000001d983347060 Thread added: 0x000001d982da8fc0
Event: 0.037 Thread 0x000001d983347060 Thread added: 0x000001d9834c5bf0
Event: 0.046 Thread 0x000001d9e799e610 Thread added: 0x000001d983562cd0
Event: 0.046 Thread 0x000001d9e799e610 Thread added: 0x000001d98353a240
Event: 0.046 Thread 0x000001d983562cd0 Thread added: 0x000001d98369cc50
Event: 0.105 Thread 0x000001d9e799e610 Thread added: 0x000001d983333ab0
Event: 0.117 Thread 0x000001d982da8fc0 Thread added: 0x000001d98354a430
Event: 0.182 Thread 0x000001d9e799e610 Thread added: 0x000001d983334140
Event: 0.432 Thread 0x000001d98354a430 Thread exited: 0x000001d98354a430
Event: 0.444 Thread 0x000001d982da8fc0 Thread added: 0x000001d9caebc4c0
Event: 0.628 Thread 0x000001d9e799e610 Thread added: 0x000001d9833347d0
Event: 0.653 Thread 0x000001d982da8fc0 Thread added: 0x000001d9cafe2e90
Event: 0.668 Thread 0x000001d9834c5bf0 Thread added: 0x000001d9cba2e780
Event: 0.668 Thread 0x000001d9834181c0 Thread added: 0x000001d9cb0acad0
Event: 0.707 Thread 0x000001d9e799e610 Thread added: 0x000001d983335b80
Event: 0.720 Thread 0x000001d9834c5bf0 Thread added: 0x000001d9cb682830


Dynamic libraries:
0x00007ff67ed50000 - 0x00007ff67ed5e000 	C:\ManuallyInstalledPrograms\Eclipse\Java\plugins\org.eclipse.justj.openjdk.hotspot.jre.full.win32.x86_64_21.0.9.v20251105-0741\jre\bin\javaw.exe
0x00007ff909980000 - 0x00007ff909be6000 	C:\WINDOWS\SYSTEM32\ntdll.dll
0x00007ff9085c0000 - 0x00007ff908689000 	C:\WINDOWS\System32\KERNEL32.DLL
0x00007ff906fb0000 - 0x00007ff9073ae000 	C:\WINDOWS\System32\KERNELBASE.dll
0x00007ff906d20000 - 0x00007ff906e6c000 	C:\WINDOWS\System32\ucrtbase.dll
0x00007ff901980000 - 0x00007ff901998000 	C:\ManuallyInstalledPrograms\Eclipse\Java\plugins\org.eclipse.justj.openjdk.hotspot.jre.full.win32.x86_64_21.0.9.v20251105-0741\jre\bin\jli.dll
0x00007ff901960000 - 0x00007ff90197e000 	C:\ManuallyInstalledPrograms\Eclipse\Java\plugins\org.eclipse.justj.openjdk.hotspot.jre.full.win32.x86_64_21.0.9.v20251105-0741\jre\bin\VCRUNTIME140.dll
0x00007ff9083e0000 - 0x00007ff9085a7000 	C:\WINDOWS\System32\USER32.dll
0x00007ff8e2c60000 - 0x00007ff8e2ef2000 	C:\WINDOWS\WinSxS\amd64_microsoft.windows.common-controls_6595b64144ccf1df_6.0.26100.8875_none_3e0d5d42e32fe9dd\COMCTL32.dll
0x00007ff9073c0000 - 0x00007ff9073e7000 	C:\WINDOWS\System32\win32u.dll
0x00007ff908bf0000 - 0x00007ff908c99000 	C:\WINDOWS\System32\msvcrt.dll
0x00007ff909810000 - 0x00007ff90983b000 	C:\WINDOWS\System32\GDI32.dll
0x00007ff906e80000 - 0x00007ff906faa000 	C:\WINDOWS\System32\gdi32full.dll
0x00007ff907600000 - 0x00007ff9076a3000 	C:\WINDOWS\System32\msvcp_win.dll
0x00007ff909840000 - 0x00007ff909872000 	C:\WINDOWS\System32\IMM32.DLL
0x00007ff901950000 - 0x00007ff90195c000 	C:\ManuallyInstalledPrograms\Eclipse\Java\plugins\org.eclipse.justj.openjdk.hotspot.jre.full.win32.x86_64_21.0.9.v20251105-0741\jre\bin\vcruntime140_1.dll
0x00007ff8d9e00000 - 0x00007ff8d9e8d000 	C:\ManuallyInstalledPrograms\Eclipse\Java\plugins\org.eclipse.justj.openjdk.hotspot.jre.full.win32.x86_64_21.0.9.v20251105-0741\jre\bin\msvcp140.dll
0x00007ff895c90000 - 0x00007ff896a30000 	C:\ManuallyInstalledPrograms\Eclipse\Java\plugins\org.eclipse.justj.openjdk.hotspot.jre.full.win32.x86_64_21.0.9.v20251105-0741\jre\bin\server\jvm.dll
0x00007ff909880000 - 0x00007ff909937000 	C:\WINDOWS\System32\ADVAPI32.dll
0x00007ff907be0000 - 0x00007ff907c8a000 	C:\WINDOWS\System32\sechost.dll
0x00007ff908190000 - 0x00007ff9082a8000 	C:\WINDOWS\System32\RPCRT4.dll
0x00007ff908070000 - 0x00007ff9080f0000 	C:\WINDOWS\System32\WS2_32.dll
0x00007ff906a00000 - 0x00007ff906a5e000 	C:\WINDOWS\SYSTEM32\POWRPROF.dll
0x00007ff8fea90000 - 0x00007ff8fea9b000 	C:\WINDOWS\SYSTEM32\VERSION.dll
0x00007ff8f67c0000 - 0x00007ff8f67f6000 	C:\WINDOWS\SYSTEM32\WINMM.dll
0x00007ff9069e0000 - 0x00007ff9069f4000 	C:\WINDOWS\SYSTEM32\UMPDC.dll
0x00007ff905880000 - 0x00007ff90589b000 	C:\WINDOWS\SYSTEM32\kernel.appcore.dll
0x00007ff903b60000 - 0x00007ff903b6a000 	C:\ManuallyInstalledPrograms\Eclipse\Java\plugins\org.eclipse.justj.openjdk.hotspot.jre.full.win32.x86_64_21.0.9.v20251105-0741\jre\bin\jimage.dll
0x00007ff8f7630000 - 0x00007ff8f7872000 	C:\WINDOWS\SYSTEM32\DBGHELP.DLL
0x00007ff907c90000 - 0x00007ff908013000 	C:\WINDOWS\System32\combase.dll
0x00007ff908870000 - 0x00007ff908949000 	C:\WINDOWS\System32\OLEAUT32.dll
0x00007ff8d8690000 - 0x00007ff8d86cb000 	C:\WINDOWS\SYSTEM32\dbgcore.DLL
0x00007ff906c60000 - 0x00007ff906d0c000 	C:\WINDOWS\System32\bcryptPrimitives.dll
0x00007ff8d9860000 - 0x00007ff8d989c000 	C:\ManuallyInstalledPrograms\Eclipse\Java\plugins\org.eclipse.justj.openjdk.hotspot.jre.full.win32.x86_64_21.0.9.v20251105-0741\jre\bin\jdwp.dll
0x00007ff901940000 - 0x00007ff90194f000 	C:\ManuallyInstalledPrograms\Eclipse\Java\plugins\org.eclipse.justj.openjdk.hotspot.jre.full.win32.x86_64_21.0.9.v20251105-0741\jre\bin\instrument.dll
0x00007ff903a30000 - 0x00007ff903a50000 	C:\ManuallyInstalledPrograms\Eclipse\Java\plugins\org.eclipse.justj.openjdk.hotspot.jre.full.win32.x86_64_21.0.9.v20251105-0741\jre\bin\java.dll
0x00007ff908dc0000 - 0x00007ff909552000 	C:\WINDOWS\System32\SHELL32.dll
0x00007ff904620000 - 0x00007ff904eb2000 	C:\WINDOWS\SYSTEM32\windows.storage.dll
0x00007ff9082e0000 - 0x00007ff9083d7000 	C:\WINDOWS\System32\SHCORE.dll
0x00007ff908950000 - 0x00007ff9089b7000 	C:\WINDOWS\System32\shlwapi.dll
0x00007ff906ac0000 - 0x00007ff906ae9000 	C:\WINDOWS\SYSTEM32\profapi.dll
0x00007ff901cc0000 - 0x00007ff901cd8000 	C:\ManuallyInstalledPrograms\Eclipse\Java\plugins\org.eclipse.justj.openjdk.hotspot.jre.full.win32.x86_64_21.0.9.v20251105-0741\jre\bin\zip.dll
0x00007ff901930000 - 0x00007ff90193c000 	C:\ManuallyInstalledPrograms\Eclipse\Java\plugins\org.eclipse.justj.openjdk.hotspot.jre.full.win32.x86_64_21.0.9.v20251105-0741\jre\bin\dt_socket.dll
0x00007ff905200000 - 0x00007ff905233000 	C:\WINDOWS\SYSTEM32\IPHLPAPI.DLL
0x00007ff905e30000 - 0x00007ff905e9c000 	C:\WINDOWS\system32\mswsock.dll
0x00007ff905290000 - 0x00007ff9053e6000 	C:\WINDOWS\SYSTEM32\DNSAPI.dll
0x00007ff905c10000 - 0x00007ff905c1d000 	C:\WINDOWS\SYSTEM32\DSPARSE.dll
0x00007ff909800000 - 0x00007ff90980a000 	C:\WINDOWS\System32\NSI.dll
0x00007ff8f6bf0000 - 0x00007ff8f6bfb000 	C:\Windows\System32\rasadhlp.dll
0x00007ff8f8850000 - 0x00007ff8f88d6000 	C:\WINDOWS\System32\fwpuclnt.dll
0x00007ff903b50000 - 0x00007ff903b60000 	C:\ManuallyInstalledPrograms\Eclipse\Java\plugins\org.eclipse.justj.openjdk.hotspot.jre.full.win32.x86_64_21.0.9.v20251105-0741\jre\bin\net.dll
0x00007ff8fe3b0000 - 0x00007ff8fe4d7000 	C:\WINDOWS\SYSTEM32\WINHTTP.dll
0x00007ff901910000 - 0x00007ff901926000 	C:\ManuallyInstalledPrograms\Eclipse\Java\plugins\org.eclipse.justj.openjdk.hotspot.jre.full.win32.x86_64_21.0.9.v20251105-0741\jre\bin\nio.dll
0x00007ff901cb0000 - 0x00007ff901cc0000 	C:\ManuallyInstalledPrograms\Eclipse\Java\plugins\org.eclipse.justj.openjdk.hotspot.jre.full.win32.x86_64_21.0.9.v20251105-0741\jre\bin\verify.dll
0x00007ff8d5d60000 - 0x00007ff8d5dde000 	C:\Users\mudki\AppData\Local\Temp\lwjgl_mudki\3.3.6+1\x64\lwjgl.dll
0x00007ff8d5b50000 - 0x00007ff8d5bd9000 	C:\Users\mudki\AppData\Local\Temp\lwjgl_mudki\3.3.6+1\x64\glfw.dll
0x00007ff867af0000 - 0x00007ff867b3b000 	C:\WINDOWS\SYSTEM32\dinput8.dll
0x00007ff888480000 - 0x00007ff88849b000 	C:\WINDOWS\SYSTEM32\xinput1_4.dll
0x00007ff906770000 - 0x00007ff9067c1000 	C:\WINDOWS\SYSTEM32\cfgmgr32.dll
0x00007ff906730000 - 0x00007ff90675f000 	C:\WINDOWS\SYSTEM32\DEVOBJ.dll
0x00007ff903f50000 - 0x00007ff903f7f000 	C:\WINDOWS\SYSTEM32\dwmapi.dll
0x00007ff8dc640000 - 0x00007ff8dc824000 	C:\WINDOWS\SYSTEM32\inputhost.dll
0x00007ff9037a0000 - 0x00007ff9038c5000 	C:\WINDOWS\SYSTEM32\CoreMessaging.dll
0x00007ff903cb0000 - 0x00007ff903d59000 	C:\WINDOWS\system32\uxtheme.dll
0x00007ff906150000 - 0x00007ff90615c000 	C:\WINDOWS\SYSTEM32\CRYPTBASE.DLL
0x00007ff9089c0000 - 0x00007ff908b1d000 	C:\WINDOWS\System32\MSCTF.dll
0x00007ff8e6f80000 - 0x00007ff8e708c000 	C:\WINDOWS\SYSTEM32\opengl32.dll
0x00007ff8e6820000 - 0x00007ff8e684d000 	C:\WINDOWS\SYSTEM32\GLU32.dll
0x00007ff903d90000 - 0x00007ff903dd6000 	C:\WINDOWS\SYSTEM32\dxcore.dll
0x00007ff8e46f0000 - 0x00007ff8e470a000 	C:\WINDOWS\SYSTEM32\windows.staterepositorycore.dll
0x00007ff858440000 - 0x00007ff85ad65000 	C:\WINDOWS\System32\DriverStore\FileRepository\nv_dispig.inf_amd64_f4c7a2fd13e0f763\nvoglv64.dll
0x00007ff907730000 - 0x00007ff907bb7000 	C:\WINDOWS\System32\SETUPAPI.dll
0x00007ff909660000 - 0x00007ff9097f9000 	C:\WINDOWS\System32\ole32.dll
0x00007ff903ba0000 - 0x00007ff903bc9000 	C:\WINDOWS\SYSTEM32\WTSAPI32.dll
0x00007ff907480000 - 0x00007ff9075f8000 	C:\WINDOWS\System32\CRYPT32.dll
0x00007ff905b30000 - 0x00007ff905b79000 	C:\WINDOWS\SYSTEM32\SspiCli.dll
0x00007ff9061b0000 - 0x00007ff9061c3000 	C:\WINDOWS\SYSTEM32\msasn1.dll
0x00007ff8fe230000 - 0x00007ff8fe26b000 	C:\WINDOWS\SYSTEM32\cryptnet.dll
0x00007ff906230000 - 0x00007ff90629a000 	C:\WINDOWS\SYSTEM32\wldp.dll
0x00007ff8fe0b0000 - 0x00007ff8fe229000 	C:\WINDOWS\SYSTEM32\drvstore.dll
0x00007ff9073f0000 - 0x00007ff907473000 	C:\WINDOWS\System32\WINTRUST.dll
0x00007ff9059b0000 - 0x00007ff9059e6000 	C:\WINDOWS\SYSTEM32\ntmarta.dll
0x00007ff9082b0000 - 0x00007ff9082d0000 	C:\WINDOWS\System32\imagehlp.dll
0x00007ff906130000 - 0x00007ff90614b000 	C:\WINDOWS\System32\CRYPTSP.dll
0x00007ff9057c0000 - 0x00007ff9057f9000 	C:\WINDOWS\system32\rsaenh.dll
0x00007ff906a90000 - 0x00007ff906aba000 	C:\WINDOWS\System32\bcrypt.dll
0x00007ff8f8b00000 - 0x00007ff8fd7ff000 	C:\WINDOWS\System32\DriverStore\FileRepository\nv_dispig.inf_amd64_f4c7a2fd13e0f763\nvgpucomp64.dll
0x00007ff9066c0000 - 0x00007ff906721000 	C:\WINDOWS\SYSTEM32\WINSTA.dll
0x00007ff8dc330000 - 0x00007ff8dc477000 	C:\WINDOWS\SYSTEM32\textinputframework.dll
0x00007ff8ff4d0000 - 0x00007ff8ff7b4000 	C:\WINDOWS\SYSTEM32\CoreUIComponents.dll
0x00007ff8fff60000 - 0x00007ff9000ca000 	C:\WINDOWS\SYSTEM32\wintypes.dll
0x00007ff8d89c0000 - 0x00007ff8d8a1d000 	C:\Users\mudki\AppData\Local\Temp\lwjgl_mudki\3.3.6+1\x64\lwjgl_opengl.dll
0x00007ff8c09a0000 - 0x00007ff8c0b2f000 	C:\ManuallyInstalledPrograms\Eclipse\Java\plugins\org.eclipse.justj.openjdk.hotspot.jre.full.win32.x86_64_21.0.9.v20251105-0741\jre\bin\awt.dll
0x00007ff903bd0000 - 0x00007ff903c70000 	C:\WINDOWS\SYSTEM32\apphelp.dll
0x00007ff905ef0000 - 0x00007ff905f22000 	C:\WINDOWS\SYSTEM32\USERENV.dll

JVMTI agents:
jdwp path:C:\ManuallyInstalledPrograms\Eclipse\Java\plugins\org.eclipse.justj.openjdk.hotspot.jre.full.win32.x86_64_21.0.9.v20251105-0741\jre\bin\jdwp.dll, loaded, initialized, options:transport=dt_socket,suspend=y,address=localhost:51565
C:\ManuallyInstalledPrograms\Eclipse\Java\configuration\org.eclipse.osgi\258\0\.cp\lib\javaagent-shaded.jar path:C:\ManuallyInstalledPrograms\Eclipse\Java\plugins\org.eclipse.justj.openjdk.hotspot.jre.full.win32.x86_64_21.0.9.v20251105-0741\jre\bin\instrument.dll, loaded, initialized, instrumentlib options:none

dbghelp: loaded successfully - version: 4.0.5 - missing functions: none
symbol engine: initialized successfully - sym options: 0x614 - pdb path: .;C:\ManuallyInstalledPrograms\Eclipse\Java\plugins\org.eclipse.justj.openjdk.hotspot.jre.full.win32.x86_64_21.0.9.v20251105-0741\jre\bin;C:\WINDOWS\SYSTEM32;C:\WINDOWS\WinSxS\amd64_microsoft.windows.common-controls_6595b64144ccf1df_6.0.26100.8875_none_3e0d5d42e32fe9dd;C:\ManuallyInstalledPrograms\Eclipse\Java\plugins\org.eclipse.justj.openjdk.hotspot.jre.full.win32.x86_64_21.0.9.v20251105-0741\jre\bin\server;C:\Users\mudki\AppData\Local\Temp\lwjgl_mudki\3.3.6+1\x64;C:\WINDOWS\System32\DriverStore\FileRepository\nv_dispig.inf_amd64_f4c7a2fd13e0f763

VM Arguments:
jvm_args: -XX:+ShowCodeDetailsInExceptionMessages -agentlib:jdwp=transport=dt_socket,suspend=y,address=localhost:51565 -javaagent:C:\ManuallyInstalledPrograms\Eclipse\Java\configuration\org.eclipse.osgi\258\0\.cp\lib\javaagent-shaded.jar -Dfile.encoding=UTF-8 -Dstdout.encoding=UTF-8 -Dstderr.encoding=UTF-8 
java_command: com.mudkipboy7.mudJavaEngine.Main
java_class_path (initial): C:\Programming\ProgrammingProjects\MudJavaEngine\bin\main;C:\Programming\Gradle\.gradle\caches\modules-2\files-2.1\org.lwjgl\lwjgl-assimp\3.3.6\931a8de55dd5ee546689119c85ed4d4af7fa68f2\lwjgl-assimp-3.3.6.jar;C:\Programming\Gradle\.gradle\caches\modules-2\files-2.1\org.lwjgl\lwjgl-bgfx\3.3.6\8309ffb8fa032d8b96797147b541ac626c15d848\lwjgl-bgfx-3.3.6.jar;C:\Programming\Gradle\.gradle\caches\modules-2\files-2.1\org.lwjgl\lwjgl-glfw\3.3.6\7119f7d0eeb1e5502ff0ca71d2b4d47317da015\lwjgl-glfw-3.3.6.jar;C:\Programming\Gradle\.gradle\caches\modules-2\files-2.1\org.lwjgl\lwjgl-nanovg\3.3.6\b6b01c8950e0d53a3e65cb4078a2ace44509ee2a\lwjgl-nanovg-3.3.6.jar;C:\Programming\Gradle\.gradle\caches\modules-2\files-2.1\org.lwjgl\lwjgl-nuklear\3.3.6\a1fa66130955a3371cc2af58f268b90b033acbe6\lwjgl-nuklear-3.3.6.jar;C:\Programming\Gradle\.gradle\caches\modules-2\files-2.1\org.lwjgl\lwjgl-openal\3.3.6\ad313317ff399fd2a7f4dd74716a68cf3976c6ad\lwjgl-openal-3.3.6.jar;C:\Programming\Gradle\.gradle\caches\modules-2\files-2.1\org.lwjgl\lwjgl-opengl\3.3.6\ac2532612a4df374e9a9282bcf8ce2573018ebbb\lwjgl-opengl-3.3.6.jar;C:\Programming\Gradle\.gradle\caches\modules-2\files-2.1\org.lwjgl\lwjgl-par\3.3.6\a0d044565798236345956e2993c908195278bbd9\lwjgl-par-3.3.6.jar;C:\Programming\Gradle\.gradle\caches\modules-2\files-2.1\org.lwjgl\lwjgl-stb\3.3.6\e2d3739dcfe7b672b626ded66d94f6587083306e\lwjgl-stb-3.3.6.jar;C:\Programming\Gradle\.gradle\caches\modules-2\files-2.1\org.lwjgl\lwjgl-vulkan\3.3.6\a403e0931b03b138854bb2ba9c48dab646cba6d8\lwjgl-vulkan-3.3.6.jar;C:\Programming\Gradle\.gradle\caches\modules-2\files-2.1\org.lwjgl\lwjgl\3.3.6\ce7721d30cfaf47feaed10213e0c43eb55c49d68\lwjgl-3.3.6.jar;C:\Programming\Gradle\.gradle\caches\modules-2\files-2.1\com.electronwill.night-config\toml\3.6.0\f0c2c48748bdfc8d1f3798ec478f003bccc7e0b1\toml-3.6.0.jar;C:\Programming\Gradle\.gradle\caches\modules-2\files-2.1\com.electronwill.night-config\core\3.6.0\412f2edf0ef6cc9178ab38751af4e507f413bef\core-3.6.0.jar;C:\Programming\Gradle\.gradle\caches\modules-2\files-2.1\org.lwjgl\lwjgl-assimp\3.3.6\486fa1e2db9fc903a0cab984604cef1a895b0e28\lwjgl-assimp-3.3.6-natives-windows.jar;C:\Programming\Gradle\.gradle\caches\modules-2\files-2.1\org.lwjgl\lwjgl-bgfx\3.3.6\3080eaf795827a041d0906a0541a4972c9e8ddc3\lwjgl-bgfx-3.3.6-natives-windows.jar;C:\Programming\Gradle\.gradle\caches\modules-2\files-2.1\org.lwjgl\lwjgl-glfw\3.3.6\99ef08056feb9627f90425a4d2a22cd9fae8e39b\lwjgl-glfw-3.3.6-natives-windows.jar;C:\Programming\Gradle\.gradle\caches\modules-2\files-2.1\org.lwjgl\lwjgl-nanovg\3.3.6\5b49bf72fac95789ae809592311fcfeae03cdf77\lwjgl-nanovg-3.3.6-natives-windows.jar;C:\Programming\Gradle\.gradle\caches\modules-2\files-2.1\org.lwjgl\lwjgl-nuklear\3.3.6\c25f05065d7b13593e94bb3ce27d448ce8564650\lwjgl-nuklear-3.3.6-natives-windows.jar;C:\Programming\Gradle\.gradle\caches\modules-2\files-2.1\org.lwjgl\lwjgl-openal\3.3.6\9c2b9b660e085bb0b47a4453dc0e26f24a5475e4\lwjgl-openal-3.3.6-natives-windows.jar;C:\Programming\Gradle\.gradle\caches\modules-2\files-2.1\org.lwjgl\lwjgl-opengl\3.3.6\18dc639ebc94aa5202c2157f7490d28997b697c5\lwjgl-opengl-3.3.6-natives-windows.jar;C:\Programming\Gradle\.gradle\caches\modules-2\files-2.1\org.lwjgl\lwjgl-par\3.3.6\50a7f7029cdcac3687f105eace2a61e5b44d0118\lwjgl-par-3.3.6-natives-windows.jar;C:\Programming\Gradle\.gradle\caches\modules-2\files-2.1\org.lwjgl\lwjgl-stb\3.3.6\334cf885b39e2db9070c39e70e65efb136435f10\lwjgl-stb-3.3.6-natives-windows.jar;C:\Programming\Gradle\.gradle\caches\modules-2\files-2.1\org.lwjgl\lwjgl\3.3.6\9a29b6a22fc5184604b8cb434ee5d5ecc4bfcbee\lwjgl-3.3.6-natives-windows.jar
Launcher Type: SUN_STANDARD

[Global flags]
     intx CICompilerCount                          = 12                                        {product} {ergonomic}
     uint ConcGCThreads                            = 5                                         {product} {ergonomic}
     uint G1ConcRefinementThreads                  = 18                                        {product} {ergonomic}
   size_t G1HeapRegionSize                         = 2097152                                   {product} {ergonomic}
    uintx GCDrainStackTargetSize                   = 64                                        {product} {ergonomic}
   size_t InitialHeapSize                          = 253755392                                 {product} {ergonomic}
   size_t MarkStackSize                            = 4194304                                   {product} {ergonomic}
   size_t MaxHeapSize                              = 4057989120                                {product} {ergonomic}
   size_t MaxNewSize                               = 2434793472                                {product} {ergonomic}
   size_t MinHeapDeltaBytes                        = 2097152                                   {product} {ergonomic}
   size_t MinHeapSize                              = 8388608                                   {product} {ergonomic}
    uintx NonNMethodCodeHeapSize                   = 7602480                                {pd product} {ergonomic}
    uintx NonProfiledCodeHeapSize                  = 122027880                              {pd product} {ergonomic}
    uintx ProfiledCodeHeapSize                     = 122027880                              {pd product} {ergonomic}
    uintx ReservedCodeCacheSize                    = 251658240                              {pd product} {ergonomic}
     bool SegmentedCodeCache                       = true                                      {product} {ergonomic}
     bool ShowCodeDetailsInExceptionMessages       = true                                   {manageable} {command line}
   size_t SoftMaxHeapSize                          = 4057989120                             {manageable} {ergonomic}
     bool UseCompressedOops                        = true                           {product lp64_product} {ergonomic}
     bool UseG1GC                                  = true                                      {product} {ergonomic}
     bool UseLargePagesIndividualAllocation        = false                                  {pd product} {ergonomic}

Logging:
Log output configuration:
 #0: stdout all=warning uptime,level,tags foldmultilines=false
 #1: stderr all=off uptime,level,tags foldmultilines=false

Release file:
JAVA_VERSION="21.0.9" 
MODULES="java.base java.compiler java.datatransfer java.xml java.prefs java.desktop java.instrument java.logging java.management java.security.sasl java.naming java.rmi java.management.rmi java.net.http java.scripting java.security.jgss java.transaction.xa java.sql java.sql.rowset java.xml.crypto java.se java.smartcardio jdk.accessibility jdk.internal.jvmstat jdk.attach jdk.charsets jdk.internal.opt jdk.zipfs jdk.compiler jdk.crypto.ec jdk.crypto.cryptoki jdk.crypto.mscapi jdk.dynalink jdk.internal.ed jdk.editpad jdk.hotspot.agent jdk.httpserver jdk.internal.le jdk.internal.vm.ci jdk.internal.vm.compiler jdk.internal.vm.compiler.management jdk.jartool jdk.javadoc jdk.jcmd jdk.management jdk.management.agent jdk.jconsole jdk.jdeps jdk.jdwp.agent jdk.jdi jdk.jfr jdk.jshell jdk.jsobject jdk.jstatd jdk.localedata jdk.management.jfr jdk.naming.dns jdk.naming.rmi jdk.net jdk.nio.mapmode jdk.random jdk.sctp jdk.security.auth jdk.security.jgss jdk.unsupported jdk.unsupported.desktop jdk.xml.dom" 

Environment Variables:
JAVA_HOME=C:\Program Files\Java\jdk-17
PATH=C:\ManuallyInstalledPrograms\Eclipse\Java\plugins\org.eclipse.justj.openjdk.hotspot.jre.full.win32.x86_64_21.0.9.v20251105-0741\jre\bin;C:/ManuallyInstalledPrograms/Eclipse/Java//plugins/org.eclipse.justj.openjdk.hotspot.jre.full.win32.x86_64_21.0.9.v20251105-0741/jre/bin/server;C:/ManuallyInstalledPrograms/Eclipse/Java//plugins/org.eclipse.justj.openjdk.hotspot.jre.full.win32.x86_64_21.0.9.v20251105-0741/jre/bin;C:\Program Files\Python314\Scripts\;C:\Program Files\Python314\;C:\Program Files\Common Files\Oracle\Java\javapath;C:\Program Files (x86)\Common Files\Oracle\Java\java8path;C:\Program Files (x86)\Common Files\Oracle\Java\javapath;"C:\Program Files\Python314\Scripts\;C:\Program Files\Python314\;C:\Program Files\Common Files\Oracle\Java\javapath;C:\Program Files (x86)\Common Files\Oracle\Java\java8path;C:\Program Files (x86)\Common Files\Oracle\Java\javapath;"C:\Program Files\Python314\Scripts\;C:\Program Files\Python314\;C:\Program Files\Common Files\Oracle\Java\javapath;C:\Program Files (x86)\Common Files\Oracle\Java\java8path;C:\Program Files (x86)\Common Files\Oracle\Java\javapath;"C:\WINDOWS\System32;C:\Program Files\Java\jdk-17\bin";C:\WINDOWS\system32;C:\WINDOWS;C:\WINDOWS\System32\Wbem;C:\WINDOWS\System32\WindowsPowerShell\v1.0\;C:\WINDOWS\System32\OpenSSH\;C:\ManuallyInstalledPrograms\git\cmd;C:\ManuallyInstalledPrograms\lua;C:\ManuallyInstalledPrograms\wget;C:\Program Files\dotnet\;C:\ManuallyInstalledPrograms\lua;;C:\Program Files\Java\jdk-17\bin";C:\WINDOWS\system32;C:\WINDOWS;C:\WINDOWS\System32\Wbem;C:\WINDOWS\System32\WindowsPowerShell\v1.0\;C:\WINDOWS\System32\OpenSSH\;C:\ManuallyInstalledPrograms\git\cmd;C:\ManuallyInstalledPrograms\lua;C:\ManuallyInstalledPrograms\wget;C:\Program Files\dotnet\;C:\ManuallyInstalledPrograms\lua;;C:\Program Files\Java\jdk-17\bin";C:\WINDOWS\system32;C:\WINDOWS;C:\WINDOWS\System32\Wbem;C:\WINDOWS\System32\WindowsPowerShell\v1.0\;C:\WINDOWS\System32\OpenSSH\;C:\ManuallyInstalledPrograms\git\cmd;C:\ManuallyInstalledPrograms\lua;C:\ManuallyInstalledPrograms\wget;C:\Program Files\dotnet\;C:\ManuallyInstalledPrograms\lua;C:\Users\mudki\AppData\Local\Microsoft\WindowsApps;;C:\ManuallyInstalledPrograms\Eclipse\Java;
USERNAME=mudki
OS=Windows_NT
PROCESSOR_IDENTIFIER=AMD64 Family 25 Model 97 Stepping 2, AuthenticAMD
TMP=C:\Users\mudki\AppData\Local\Temp
TEMP=C:\Users\mudki\AppData\Local\Temp




Periodic native trim disabled

---------------  S Y S T E M  ---------------

OS:
 Windows 11 , 64 bit Build 26100 (10.0.26100.8875)
OS uptime: 0 days 11:00 hours
Hyper-V role detected

CPU: total 24 (initial active 24) (24 cores per cpu, 2 threads per core) family 25 model 97 stepping 2 microcode 0xa60120c, cx8, cmov, fxsr, ht, mmx, 3dnowpref, sse, sse2, sse3, ssse3, sse4a, sse4.1, sse4.2, popcnt, lzcnt, tsc, tscinvbit, avx, avx2, aes, erms, clmul, bmi1, bmi2, adx, avx512f, avx512dq, avx512cd, avx512bw, avx512vl, sha, fma, vzeroupper, avx512_vpopcntdq, avx512_vpclmulqdq, avx512_vaes, avx512_vnni, clflush, clflushopt, avx512_vbmi2, avx512_vbmi, hv, rdtscp, rdpid, fsrm, gfni, avx512_bitalg, f16c, cet_ss, avx512_ifma
Processor Information for the first 24 processors :
  Max Mhz: 4701, Current Mhz: 4701, Mhz Limit: 4701

Memory: 4k page, system-wide physical 15477M (3634M free)
TotalPageFile size 31861M (AvailPageFile size 13115M)
current process WorkingSet (physical memory assigned to process): 167M, peak: 173M
current process commit charge ("private bytes"): 477M, peak: 487M

vm_info: OpenJDK 64-Bit Server VM (21.0.9+10-LTS) for windows-amd64 JRE (21.0.9+10-LTS), built on 2025-10-21T00:00:00Z by "admin" with unknown MS VC++:1942

END.
